******************************************************************************
               TMS320C6x Linker PC v8.3.12                     
******************************************************************************
>> Linked Tue Apr 26 19:55:31 2022

OUTPUT FILE NAME:   <LED_Mix.out>
ENTRY POINT SYMBOL: "_c_int00"  address: 1182d3a0


MEMORY CONFIGURATION

         name            origin    length      used     unused   attr    fill
----------------------  --------  ---------  --------  --------  ----  --------
  DSPL2RAM              11800000   00040000  00038a1a  000075e6  RWIX
  SHRAM                 80000000   00020000  00000000  00020000  RWIX
  DDR2                  c0000000   08000000  00000000  08000000  RWIX


SEGMENT ALLOCATION MAP

run origin  load origin   length   init length attrs members
----------  ----------- ---------- ----------- ----- -------
11800000    11800000    00035268   00035268    r-x
  11800000    11800000    00032ea0   00032ea0    r-x .text
  11832ea0    11832ea0    000023c1   000023c1    r-- .const
  11835264    11835264    00000004   00000004    r-- .init_array
11835268    11835268    000031fc   00000000    rw-
  11835268    11835268    00001000   00000000    rw- .stack
  11836268    11836268    00001000   00000000    rw- .sysmem
  11837268    11837268    00000de1   00000000    rw- .far
  1183804c    1183804c    00000004   00000000    rw- .bss
  11838050    11838050    00000414   00000000    rw- .fardata
11838464    11838464    000003e4   000003e4    r--
  11838464    11838464    000003e4   000003e4    r-- .switch
11838848    11838848    00000120   00000000    rw-
  11838848    11838848    00000120   00000000    rw- .cio
11838968    11838968    000000b8   000000b8    r--
  11838968    11838968    000000b8   000000b8    r-- .cinit


SECTION ALLOCATION MAP

 output                                  attributes/
section   page    origin      length       input sections
--------  ----  ----------  ----------   ----------------
.text      0    11800000    00032ea0     
                  11800000    000020c0     rts6740_elf.lib : _printfi.c.obj (.text:__TI_printfi)
                  118020c0    00002080                     : _scanfi.c.obj (.text:__TI_scanfi)
                  11804140    00001900                     : locale.cpp.obj (.text:_ZNSt3__29money_getIcNS_19istreambuf_iteratorIcNS_11char_traitsIcEEEEE8__do_getERS4_S4_bRKNS_6localeEjRjRbRKNS_5ctypeIcEERNS_10unique_ptrIcPFvPvEEERPcSM_)
                  11805a40    00001740                     : locale.cpp.obj (.text:_ZNSt3__29money_getIwNS_19istreambuf_iteratorIwNS_11char_traitsIwEEEEE8__do_getERS4_S4_bRKNS_6localeEjRjRbRKNS_5ctypeIwEERNS_10unique_ptrIwPFvPvEEERPwSM_)
                  11807180    00000c00                     : strftime.c.obj (.text:strftime)
                  11807d80    00000920                     : strtod.c.obj (.text:strtod)
                  118086a0    000008e0                     : strtof.c.obj (.text:strtof)
                  11808f80    00000840                     : locale.cpp.obj (.text:_ZNSt3__26locale5__impC1Ej)
                  118097c0    000007a0                     : locale.cpp.obj (.text:_ZNSt3__211__money_putIcE13__gather_infoEbbRKNS_6localeERNS_10money_base7patternERcS8_RNS_12basic_stringIcNS_11char_traitsIcEENS_9allocatorIcEEEESF_SF_Ri)
                  11809f60    00000780                     : locale.cpp.obj (.text:_ZNSt3__211__money_putIwE8__formatEPwRS2_S3_jPKwS5_RKNS_5ctypeIwEEbRKNS_10money_base7patternEwwRKNS_12basic_stringIcNS_11char_traitsIcEENS_9allocatorIcEEEERKNSE_IwNSF_IwEENSH_IwEEEESQ_i)
                  1180a6e0    00000760                     : locale.cpp.obj (.text:_ZNSt3__211__money_putIwE13__gather_infoEbbRKNS_6localeERNS_10money_base7patternERwS8_RNS_12basic_stringIcNS_11char_traitsIcEENS_9allocatorIcEEEERNS9_IwNSA_IwEENSC_IwEEEESJ_Ri)
                  1180ae40    00000740                     : locale.cpp.obj (.text:_ZNSt3__29__num_putIcE23__widen_and_group_floatEPcS2_S2_S2_RS2_S3_RKNS_6localeE)
                  1180b580    00000740                     : locale.cpp.obj (.text:_ZNSt3__29__num_putIwE23__widen_and_group_floatEPcS2_S2_PwRS3_S4_RKNS_6localeE)
                  1180bcc0    00000720                     : locale.cpp.obj (.text:_ZNKSt3__28time_getIwNS_19istreambuf_iteratorIwNS_11char_traitsIwEEEEE6do_getES4_S4_RNS_8ios_baseERjP2tmcc)
                  1180c3e0    000006e0                     : locale.cpp.obj (.text:_ZNKSt3__28time_getIcNS_19istreambuf_iteratorIcNS_11char_traitsIcEEEEE6do_getES4_S4_RNS_8ios_baseERjP2tmcc)
                  1180cac0    000006e0                     : locale.cpp.obj (.text:_ZNSt3__211__money_getIcE13__gather_infoEbRKNS_6localeERNS_10money_base7patternERcS8_RNS_12basic_stringIcNS_11char_traitsIcEENS_9allocatorIcEEEESF_SF_SF_Ri)
                  1180d1a0    000006e0                     : locale.cpp.obj (.text:_ZNSt3__211__money_getIwE13__gather_infoEbRKNS_6localeERNS_10money_base7patternERwS8_RNS_12basic_stringIcNS_11char_traitsIcEENS_9allocatorIcEEEERNS9_IwNSA_IwEENSC_IwEEEESJ_SJ_Ri)
                  1180d880    000006e0                     : locale.cpp.obj (.text:_ZNSt3__211__money_putIcE8__formatEPcRS2_S3_jPKcS5_RKNS_5ctypeIcEEbRKNS_10money_base7patternEccRKNS_12basic_stringIcNS_11char_traitsIcEENS_9allocatorIcEEEESL_SL_i)
                  1180df60    00000660                     : _printfi.c.obj (.text:_pconv_a)
                  1180e5c0    00000600                     : divd.c.obj (.text:__c6xabi_divd)
                  1180ebc0    000005a0                     : locale.cpp.obj (.text:_ZNSt3__214__scan_keywordINS_19istreambuf_iteratorIwNS_11char_traitsIwEEEEPKNS_12basic_stringIwS3_NS_9allocatorIwEEEENS_5ctypeIwEEEET0_RT_SE_SD_SD_RKT1_Rjb)
                  1180f160    00000580                     : locale.cpp.obj (.text:_ZNSt3__29__num_putIcE21__widen_and_group_intEPcS2_S2_S2_RS2_S3_RKNS_6localeE)
                  1180f6e0    00000580                     : locale.cpp.obj (.text:_ZNSt3__29__num_putIwE21__widen_and_group_intEPcS2_S2_PwRS3_S4_RKNS_6localeE)
                  1180fc60    00000540                     : locale.cpp.obj (.text:_ZNKSt3__29money_getIcNS_19istreambuf_iteratorIcNS_11char_traitsIcEEEEE6do_getES4_S4_bRNS_8ios_baseERjRNS_12basic_stringIcS3_NS_9allocatorIcEEEE)
                  118101a0    00000540                     : locale.cpp.obj (.text:_ZNSt3__214__scan_keywordINS_19istreambuf_iteratorIcNS_11char_traitsIcEEEEPKNS_12basic_stringIcS3_NS_9allocatorIcEEEENS_5ctypeIcEEEET0_RT_SE_SD_SD_RKT1_Rjb)
                  118106e0    00000520                     : iostream.cpp.obj (.text:_ZNSt3__28ios_base4InitC1Ev)
                  11810c00    00000500                     : locale.cpp.obj (.text:_ZNKSt3__29money_putIwNS_19ostreambuf_iteratorIwNS_11char_traitsIwEEEEE6do_putES4_bRNS_8ios_baseEwe)
                  11811100    000004e0                     : locale.cpp.obj (.text:_ZNKSt3__29money_getIwNS_19istreambuf_iteratorIwNS_11char_traitsIwEEEEE6do_getES4_S4_bRNS_8ios_baseERjRNS_12basic_stringIwS3_NS_9allocatorIwEEEE)
                  118115e0    000004c0                     : strtoll.c.obj (.text:strtoll)
                  11811aa0    000004a0                     : locale.cpp.obj (.text:_ZNKSt3__29money_putIcNS_19ostreambuf_iteratorIcNS_11char_traitsIcEEEEE6do_putES4_bRNS_8ios_baseEce)
                  11811f40    00000440                     : locale.cpp.obj (.text:_ZNKSt3__29money_putIwNS_19ostreambuf_iteratorIwNS_11char_traitsIwEEEEE6do_putES4_bRNS_8ios_baseEwRKNS_12basic_stringIwS3_NS_9allocatorIwEEEE)
                  11812380    00000440                     : vla_alloc.c.obj (.text:__vla_alloc)
                  118127c0    00000440                     : strtoull.c.obj (.text:strtoull)
                  11812c00    00000400                     : locale.cpp.obj (.text:_ZN32_INTERNAL_10_locale_cpp_a7183203St3__213utf8_to_utf16EPKhS1_RS1_PtS3_RS3_mNS_12codecvt_modeE)
                  11813000    00000400                     : locale.cpp.obj (.text:_ZNKSt3__29money_putIcNS_19ostreambuf_iteratorIcNS_11char_traitsIcEEEEE6do_putES4_bRNS_8ios_baseEcRKNS_12basic_stringIcS3_NS_9allocatorIcEEEE)
                  11813400    00000400                     : _printfi.c.obj (.text:_pconv_g)
                  11813800    000003e0                     : locale.cpp.obj (.text:_ZN32_INTERNAL_10_locale_cpp_a7183203St3__212utf8_to_ucs4EPKhS1_RS1_PjS3_RS3_mNS_12codecvt_modeE)
                  11813be0    000003c0                     : locale.cpp.obj (.text:_ZNKSt3__27num_getIwNS_19istreambuf_iteratorIwNS_11char_traitsIwEEEEE15__do_get_signedIlEES4_S4_S4_RNS_8ios_baseERjRT_)
                  11813fa0    000003c0                     : locale.cpp.obj (.text:_ZNKSt3__27num_getIwNS_19istreambuf_iteratorIwNS_11char_traitsIwEEEEE15__do_get_signedIxEES4_S4_S4_RNS_8ios_baseERjRT_)
                  11814360    000003c0                     : locale.cpp.obj (.text:_ZNKSt3__27num_getIwNS_19istreambuf_iteratorIwNS_11char_traitsIwEEEEE17__do_get_unsignedIjEES4_S4_S4_RNS_8ios_baseERjRT_)
                  11814720    000003c0                     : locale.cpp.obj (.text:_ZNKSt3__27num_getIwNS_19istreambuf_iteratorIwNS_11char_traitsIwEEEEE17__do_get_unsignedImEES4_S4_S4_RNS_8ios_baseERjRT_)
                  11814ae0    000003c0                     : locale.cpp.obj (.text:_ZNKSt3__27num_getIwNS_19istreambuf_iteratorIwNS_11char_traitsIwEEEEE17__do_get_unsignedItEES4_S4_S4_RNS_8ios_baseERjRT_)
                  11814ea0    000003c0                     : locale.cpp.obj (.text:_ZNKSt3__27num_getIwNS_19istreambuf_iteratorIwNS_11char_traitsIwEEEEE17__do_get_unsignedIyEES4_S4_S4_RNS_8ios_baseERjRT_)
                  11815260    000003c0                     : locale.cpp.obj (.text:_ZNKSt3__28time_getIwNS_19istreambuf_iteratorIwNS_11char_traitsIwEEEEE3getES4_S4_RNS_8ios_baseERjP2tmPKwSC_)
                  11815620    000003c0                     : memory.c.obj (.text:free)
                  118159e0    000003c0                     : fwrite.c.obj (.text:fwrite)
                  11815da0    000003a0                     : locale.cpp.obj (.text:_ZNKSt3__27num_getIwNS_19istreambuf_iteratorIwNS_11char_traitsIwEEEEE6do_getES4_S4_RNS_8ios_baseERjRPv)
                  11816140    000003a0                     : locale.cpp.obj (.text:_ZNKSt3__29money_getIcNS_19istreambuf_iteratorIcNS_11char_traitsIcEEEEE6do_getES4_S4_bRNS_8ios_baseERjRe)
                  118164e0    000003a0                     : strtol.c.obj (.text:strtol)
                  11816880    00000380                     : locale.cpp.obj (.text:_ZN32_INTERNAL_10_locale_cpp_a7183203St3__213utf16_to_utf8EPKtS1_RS1_PhS3_RS3_mNS_12codecvt_modeE)
                  11816c00    00000380                     : locale.cpp.obj (.text:_ZNKSt3__27num_getIcNS_19istreambuf_iteratorIcNS_11char_traitsIcEEEEE15__do_get_signedIlEES4_S4_S4_RNS_8ios_baseERjRT_)
                  11816f80    00000380                     : locale.cpp.obj (.text:_ZNKSt3__27num_getIcNS_19istreambuf_iteratorIcNS_11char_traitsIcEEEEE15__do_get_signedIxEES4_S4_S4_RNS_8ios_baseERjRT_)
                  11817300    00000380                     : locale.cpp.obj (.text:_ZNKSt3__27num_getIcNS_19istreambuf_iteratorIcNS_11char_traitsIcEEEEE17__do_get_unsignedIjEES4_S4_S4_RNS_8ios_baseERjRT_)
                  11817680    00000380                     : locale.cpp.obj (.text:_ZNKSt3__27num_getIcNS_19istreambuf_iteratorIcNS_11char_traitsIcEEEEE17__do_get_unsignedImEES4_S4_S4_RNS_8ios_baseERjRT_)
                  11817a00    00000380                     : locale.cpp.obj (.text:_ZNKSt3__27num_getIcNS_19istreambuf_iteratorIcNS_11char_traitsIcEEEEE17__do_get_unsignedItEES4_S4_S4_RNS_8ios_baseERjRT_)
                  11817d80    00000380                     : locale.cpp.obj (.text:_ZNKSt3__27num_getIcNS_19istreambuf_iteratorIcNS_11char_traitsIcEEEEE17__do_get_unsignedIyEES4_S4_S4_RNS_8ios_baseERjRT_)
                  11818100    00000380                     : locale.cpp.obj (.text:_ZNKSt3__27num_getIcNS_19istreambuf_iteratorIcNS_11char_traitsIcEEEEE6do_getES4_S4_RNS_8ios_baseERjRPv)
                  11818480    00000360                     : locale.cpp.obj (.text:_ZN32_INTERNAL_10_locale_cpp_a7183203St3__220utf8_to_utf16_lengthEPKhS1_jmNS_12codecvt_modeE)
                  118187e0    00000360                     : locale.cpp.obj (.text:_ZNKSt3__27num_getIcNS_19istreambuf_iteratorIcNS_11char_traitsIcEEEEE23__do_get_floating_pointIdEES4_S4_S4_RNS_8ios_baseERjRT_)
                  11818b40    00000360                     : locale.cpp.obj (.text:_ZNKSt3__27num_getIcNS_19istreambuf_iteratorIcNS_11char_traitsIcEEEEE23__do_get_floating_pointIeEES4_S4_S4_RNS_8ios_baseERjRT_)
                  11818ea0    00000360                     : locale.cpp.obj (.text:_ZNKSt3__27num_getIcNS_19istreambuf_iteratorIcNS_11char_traitsIcEEEEE23__do_get_floating_pointIfEES4_S4_S4_RNS_8ios_baseERjRT_)
                  11819200    00000360                     : locale.cpp.obj (.text:_ZNKSt3__27num_getIwNS_19istreambuf_iteratorIwNS_11char_traitsIwEEEEE23__do_get_floating_pointIdEES4_S4_S4_RNS_8ios_baseERjRT_)
                  11819560    00000360                     : locale.cpp.obj (.text:_ZNKSt3__27num_getIwNS_19istreambuf_iteratorIwNS_11char_traitsIwEEEEE23__do_get_floating_pointIeEES4_S4_S4_RNS_8ios_baseERjRT_)
                  118198c0    00000360                     : locale.cpp.obj (.text:_ZNKSt3__27num_getIwNS_19istreambuf_iteratorIwNS_11char_traitsIwEEEEE23__do_get_floating_pointIfEES4_S4_S4_RNS_8ios_baseERjRT_)
                  11819c20    00000360                     : memory.c.obj (.text:realloc)
                  11819f80    00000340                     : locale.cpp.obj (.text:_ZN32_INTERNAL_10_locale_cpp_a7183203St3__219utf8_to_ucs4_lengthEPKhS1_jmNS_12codecvt_modeE)
                  1181a2c0    00000340                     : locale.cpp.obj (.text:_ZNKSt3__28time_getIcNS_19istreambuf_iteratorIcNS_11char_traitsIcEEEEE3getES4_S4_RNS_8ios_baseERjP2tmPKcSC_)
                  1181a600    00000320                     : locale.cpp.obj (.text:_ZNKSt3__220__time_get_c_storageIcE8__monthsEv)
                  1181a920    00000320                     : locale.cpp.obj (.text:_ZNKSt3__220__time_get_c_storageIwE8__monthsEv)
                  1181ac40    00000320                     : locale.cpp.obj (.text:_ZNKSt3__27num_putIwNS_19ostreambuf_iteratorIwNS_11char_traitsIwEEEEE6do_putES4_RNS_8ios_baseEwe)
                  1181af60    00000320                     : locale.cpp.obj (.text:_ZNSt3__216__pad_and_outputIwNS_11char_traitsIwEEEENS_19ostreambuf_iteratorIT_T0_EES6_PKS4_S8_S8_RNS_8ios_baseES4_)
                  1181b280    00000300                     : locale.cpp.obj (.text:_ZNKSt3__27codecvtIwciE5do_inERiPKcS4_RS4_PwS6_RS6_)
                  1181b580    00000300                     : locale.cpp.obj (.text:_ZNKSt3__27codecvtIwciE6do_outERiPKwS4_RS4_PcS6_RS6_)
                  1181b880    00000300                     : locale.cpp.obj (.text:_ZNKSt3__29money_getIwNS_19istreambuf_iteratorIwNS_11char_traitsIwEEEEE6do_getES4_S4_bRNS_8ios_baseERjRe)
                  1181bb80    00000300                     : strtoul.c.obj (.text:strtoul)
                  1181be80    000002e0                     : locale.cpp.obj (.text:_ZNKSt3__27num_putIcNS_19ostreambuf_iteratorIcNS_11char_traitsIcEEEEE6do_putES4_RNS_8ios_baseEcd)
                  1181c160    000002e0                     : locale.cpp.obj (.text:_ZNKSt3__27num_putIcNS_19ostreambuf_iteratorIcNS_11char_traitsIcEEEEE6do_putES4_RNS_8ios_baseEce)
                  1181c440    000002e0                     : locale.cpp.obj (.text:_ZNKSt3__27num_putIwNS_19ostreambuf_iteratorIwNS_11char_traitsIwEEEEE6do_putES4_RNS_8ios_baseEwd)
                  1181c720    000002c0                     : locale.cpp.obj (.text:_ZNSt3__29__num_getIwE19__stage2_float_loopEwRbRcPcRS4_wwRKNS_12basic_stringIcNS_11char_traitsIcEENS_9allocatorIcEEEEPjRSE_RjPw)
                  1181c9e0    000002a0                     : string.cpp.obj (.text:_ZNSt3__212basic_stringIwNS_11char_traitsIwEENS_9allocatorIwEEE21__grow_by_and_replaceEjjjjjjPKw)
                  1181cc80    000002a0                     : locale.cpp.obj (.text:_ZNSt3__29__num_getIcE19__stage2_float_loopEcRbRcPcRS4_ccRKNS_12basic_stringIcNS_11char_traitsIcEENS_9allocatorIcEEEEPjRSE_RjS4_)
                  1181cf20    000002a0                     : divf.c.obj (.text:__c6xabi_divf)
                  1181d1c0    000002a0                     : _printfi.c.obj (.text:_pconv_e)
                  1181d460    000002a0                     : _printfi.c.obj (.text:fcvt)
                  1181d700    00000280                     : string.cpp.obj (.text:_ZNSt3__212basic_stringIwNS_11char_traitsIwEENS_9allocatorIwEEE7reserveEj)
                  1181d980    00000260                     : locale.cpp.obj (.text:_ZN32_INTERNAL_10_locale_cpp_a7183203St3__212ucs4_to_utf8EPKjS1_RS1_PhS3_RS3_mNS_12codecvt_modeE)
                  1181dbe0    00000260                     : iostream.cpp.obj (.text:_ZNSt3__210__stdinbufIcE9__getcharEb)
                  1181de40    00000260                     : iostream.cpp.obj (.text:_ZNSt3__210__stdinbufIwE9__getcharEb)
                  1181e0a0    00000260                     : string.cpp.obj (.text:_ZNSt3__212basic_stringIcNS_11char_traitsIcEENS_9allocatorIcEEE21__grow_by_and_replaceEjjjjjjPKc)
                  1181e300    00000260                     : imath64.c.obj (.text:__c6xabi_divull)
                  1181e560    00000240                     : locale.cpp.obj (.text:_ZNKSt3__220__time_get_c_storageIcE7__weeksEv)
                  1181e7a0    00000240                     : locale.cpp.obj (.text:_ZNKSt3__220__time_get_c_storageIwE7__weeksEv)
                  1181e9e0    00000240                     : string.cpp.obj (.text:_ZNSt3__212basic_stringIcNS_11char_traitsIcEENS_9allocatorIcEEE7reserveEj)
                  1181ec20    00000240                     : string.cpp.obj (.text:_ZNSt3__212basic_stringIwNS_11char_traitsIwEENS_9allocatorIwEEE9__grow_byEjjjjjj)
                  1181ee60    00000220                     : locale.cpp.obj (.text:_ZNKSt3__27collateIcE7do_hashEPKcS3_)
                  1181f080    00000220                     : locale.cpp.obj (.text:_ZNSt3__220__get_up_to_n_digitsIwNS_19istreambuf_iteratorIwNS_11char_traitsIwEEEEEEiRT0_S5_RjRKNS_5ctypeIT_EEi)
                  1181f2a0    00000220                     : locale.cpp.obj (.text:_ZNSt3__29__num_getIcE17__stage2_int_loopEciPcRS2_RjcRKNS_12basic_stringIcNS_11char_traitsIcEENS_9allocatorIcEEEEPjRSD_PKc)
                  1181f4c0    00000200                     : locale.cpp.obj (.text:_ZNKSt3__27num_putIwNS_19ostreambuf_iteratorIwNS_11char_traitsIwEEEEE6do_putES4_RNS_8ios_baseEwb)
                  1181f6c0    00000200                     : string.cpp.obj (.text:_ZNSt3__212basic_stringIcNS_11char_traitsIcEENS_9allocatorIcEEE9__grow_byEjjjjjj)
                  1181f8c0    00000200                     : locale.cpp.obj (.text:_ZNSt3__220__get_up_to_n_digitsIcNS_19istreambuf_iteratorIcNS_11char_traitsIcEEEEEEiRT0_S5_RjRKNS_5ctypeIT_EEi)
                  1181fac0    00000200                     : locale.cpp.obj (.text:_ZNSt3__26vectorIPNS_6locale5facetENS_15__sso_allocatorIS3_Lj28EEEE8__appendEj)
                  1181fcc0    00000200                     : locale.cpp.obj (.text:_ZNSt3__29__num_getIwE17__stage2_int_loopEwiPcRS2_RjwRKNS_12basic_stringIcNS_11char_traitsIcEENS_9allocatorIcEEEEPjRSD_PKw)
                  1181fec0    00000200                     : _printfi.c.obj (.text:_ltostr)
                  118200c0    000001e0                     : locale.cpp.obj (.text:_ZNKSt3__27collateIwE12do_transformEPKwS3_)
                  118202a0    000001e0                     : locale.cpp.obj (.text:_ZNKSt3__27num_getIcNS_19istreambuf_iteratorIcNS_11char_traitsIcEEEEE6do_getES4_S4_RNS_8ios_baseERjRb)
                  11820480    000001e0                     : locale.cpp.obj (.text:_ZNKSt3__27num_getIwNS_19istreambuf_iteratorIwNS_11char_traitsIwEEEEE6do_getES4_S4_RNS_8ios_baseERjRb)
                  11820660    000001e0                     : locale.cpp.obj (.text:_ZNKSt3__27num_putIcNS_19ostreambuf_iteratorIcNS_11char_traitsIcEEEEE6do_putES4_RNS_8ios_baseEcb)
                  11820840    000001c0                     : locale.cpp.obj (.text:_ZNKSt3__210__time_put8__do_putEPwRS1_PK2tmcc)
                  11820a00    000001c0                     : locale.cpp.obj (.text:_ZNKSt3__220__time_get_c_storageIcE3__XEv)
                  11820bc0    000001c0                     : locale.cpp.obj (.text:_ZNKSt3__220__time_get_c_storageIcE3__cEv)
                  11820d80    000001c0                     : locale.cpp.obj (.text:_ZNKSt3__220__time_get_c_storageIcE3__rEv)
                  11820f40    000001c0                     : locale.cpp.obj (.text:_ZNKSt3__220__time_get_c_storageIcE3__xEv)
                  11821100    000001c0                     : locale.cpp.obj (.text:_ZNKSt3__220__time_get_c_storageIwE3__XEv)
                  118212c0    000001c0                     : locale.cpp.obj (.text:_ZNKSt3__220__time_get_c_storageIwE3__cEv)
                  11821480    000001c0                     : locale.cpp.obj (.text:_ZNKSt3__220__time_get_c_storageIwE3__rEv)
                  11821640    000001c0                     : locale.cpp.obj (.text:_ZNKSt3__220__time_get_c_storageIwE3__xEv)
                  11821800    000001c0                     : imath40.c.obj (.text:__c6xabi_divul)
                  118219c0    000001c0                     : frexp.c.obj (.text:frexp)
                  11821b80    000001c0                     : ldexp.c.obj (.text:ldexp)
                  11821d40    000001c0                     : ldexpf.c.obj (.text:ldexpf)
                  11821f00    000001c0                     : memory.c.obj (.text:malloc)
                  118220c0    000001c0                     : setvbuf.c.obj (.text:setvbuf)
                  11822280    000001a0                     : hostrename.c.obj (.text:HOSTrename)
                  11822420    00000180                     : locale.cpp.obj (.text:_ZNKSt3__27collateIcE12do_transformEPKcS3_)
                  118225a0    00000180                     : locale.cpp.obj (.text:_ZNKSt3__28numpunctIcE11do_truenameEv)
                  11822720    00000180                     : locale.cpp.obj (.text:_ZNKSt3__28numpunctIcE12do_falsenameEv)
                  118228a0    00000180                     : iostream.cpp.obj (.text:_ZNSt3__211__stdoutbufIcE8overflowEi)
                  11822a20    00000180                     : iostream.cpp.obj (.text:_ZNSt3__211__stdoutbufIwE8overflowEi)
                  11822ba0    00000180                     : locale.cpp.obj (.text:_ZNSt3__219__double_or_nothingIwEEvRNS_10unique_ptrIT_PFvPvEEERPS2_S9_)
                  11822d20    00000180                     : none_mb.c.obj (.text:wcsnrtombs)
                  11822ea0    00000160                     : locale.cpp.obj (.text:_ZNKSt3__27num_putIcNS_19ostreambuf_iteratorIcNS_11char_traitsIcEEEEE6do_putES4_RNS_8ios_baseEcl)
                  11823000    00000160                     : locale.cpp.obj (.text:_ZNKSt3__27num_putIcNS_19ostreambuf_iteratorIcNS_11char_traitsIcEEEEE6do_putES4_RNS_8ios_baseEcm)
                  11823160    00000160                     : locale.cpp.obj (.text:_ZNKSt3__27num_putIwNS_19ostreambuf_iteratorIwNS_11char_traitsIwEEEEE6do_putES4_RNS_8ios_baseEwl)
                  118232c0    00000160                     : locale.cpp.obj (.text:_ZNKSt3__27num_putIwNS_19ostreambuf_iteratorIwNS_11char_traitsIwEEEEE6do_putES4_RNS_8ios_baseEwm)
                  11823420    00000160                     : iostream.cpp.obj (.text:_ZNSt3__210__stdinbufIcE9pbackfailEi)
                  11823580    00000160                     : iostream.cpp.obj (.text:_ZNSt3__210__stdinbufIwE9pbackfailEi)
                  118236e0    00000160                     : string.cpp.obj (.text:_ZNSt3__212basic_stringIcNS_11char_traitsIcEENS_9allocatorIcEEE6appendEPKcj)
                  11823840    00000160                     : string.cpp.obj (.text:_ZNSt3__212basic_stringIcNS_11char_traitsIcEENS_9allocatorIcEEE6appendEjc)
                  118239a0    00000160                     : string.cpp.obj (.text:_ZNSt3__212basic_stringIwNS_11char_traitsIwEENS_9allocatorIwEEE6appendEPKwj)
                  11823b00    00000160                     : string.cpp.obj (.text:_ZNSt3__212basic_stringIwNS_11char_traitsIwEENS_9allocatorIwEEE9push_backEw)
                  11823c60    00000160                     : locale.cpp.obj (.text:_ZNSt3__219__double_or_nothingIjEEvRNS_10unique_ptrIT_PFvPvEEERPS2_S9_)
                  11823dc0    00000160                     : _bufread.c.obj (.text:__TI_buff_read)
                  11823f20    00000160                     : sscanf.c.obj (.text:_chkmbc)
                  11824080    00000140                     : vla_alloc.c.obj (.text:_ZN33_INTERNAL_11_vla_alloc_c_be8bd49b21free_dead_allocationsEPv)
                  118241c0    00000140                     : locale.cpp.obj (.text:_ZNKSt3__27num_putIcNS_19ostreambuf_iteratorIcNS_11char_traitsIcEEEEE6do_putES4_RNS_8ios_baseEcx)
                  11824300    00000140                     : locale.cpp.obj (.text:_ZNKSt3__27num_putIcNS_19ostreambuf_iteratorIcNS_11char_traitsIcEEEEE6do_putES4_RNS_8ios_baseEcy)
                  11824440    00000140                     : locale.cpp.obj (.text:_ZNKSt3__27num_putIwNS_19ostreambuf_iteratorIwNS_11char_traitsIwEEEEE6do_putES4_RNS_8ios_baseEwx)
                  11824580    00000140                     : locale.cpp.obj (.text:_ZNKSt3__27num_putIwNS_19ostreambuf_iteratorIwNS_11char_traitsIwEEEEE6do_putES4_RNS_8ios_baseEwy)
                  118246c0    00000140                     : locale.cpp.obj (.text:_ZNKSt3__28numpunctIwE11do_truenameEv)
                  11824800    00000140                     : locale.cpp.obj (.text:_ZNKSt3__28numpunctIwE12do_falsenameEv)
                  11824940    00000140                     : locale.cpp.obj (.text:_ZNKSt3__28time_getIcNS_19istreambuf_iteratorIcNS_11char_traitsIcEEEEE13__get_percentERS4_S4_RjRKNS_5ctypeIcEE)
                  11824a80    00000140                     : locale.cpp.obj (.text:_ZNKSt3__28time_getIwNS_19istreambuf_iteratorIwNS_11char_traitsIwEEEEE13__get_percentERS4_S4_RjRKNS_5ctypeIwEE)
                  11824bc0    00000140                     : string.cpp.obj (.text:_ZNSt3__212basic_stringIcNS_11char_traitsIcEENS_9allocatorIcEEE6assignEPKcj)
                  11824d00    00000140                     : string.cpp.obj (.text:_ZNSt3__212basic_stringIcNS_11char_traitsIcEENS_9allocatorIcEEE9push_backEc)
                  11824e40    00000140                     : string.cpp.obj (.text:_ZNSt3__212basic_stringIwNS_11char_traitsIwEENS_9allocatorIwEEE6__initEPKwj)
                  11824f80    00000140                     : string.cpp.obj (.text:_ZNSt3__212basic_stringIwNS_11char_traitsIwEENS_9allocatorIwEEE6assignEPKwj)
                  118250c0    00000140                     : locale.cpp.obj (.text:_ZNSt3__214__num_put_base14__format_floatEPcPKcj)
                  11825200    00000140                     : ios.cpp.obj (.text:_ZNSt3__215basic_streambufIwNS_11char_traitsIwEEE6xsgetnEPwi)
                  11825340    00000140                     : ios.cpp.obj (.text:_ZNSt3__215basic_streambufIwNS_11char_traitsIwEEE6xsputnEPKwi)
                  11825480    00000140                     : locale.cpp.obj (.text:_ZNSt3__216__check_groupingERKNS_12basic_stringIcNS_11char_traitsIcEENS_9allocatorIcEEEEPjS8_Rj)
                  118255c0    00000140     main.obj (.text:_ZNSt3__216__pad_and_outputIcNS_11char_traitsIcEEEENS_19ostreambuf_iteratorIT_T0_EES6_PKS4_S8_S8_RNS_8ios_baseES4_)
                  11825700    00000140     rts6740_elf.lib : locale.cpp.obj (.text:_ZNSt3__219__double_or_nothingIcEEvRNS_10unique_ptrIT_PFvPvEEERPS2_S9_)
                  11825840    00000140     main.obj (.text:_ZNSt3__224__put_character_sequenceIcNS_11char_traitsIcEEEERNS_13basic_ostreamIT_T0_EES7_PKS4_j)
                  11825980    00000140     rts6740_elf.lib : locale.cpp.obj (.text:_ZNSt3__225__num_get_signed_integralIlEET_PKcS3_Rji)
                  11825ac0    00000140                     : locale.cpp.obj (.text:_ZNSt3__225__num_get_signed_integralIxEET_PKcS3_Rji)
                  11825c00    00000140                     : vla_alloc.c.obj (.text:__vla_dealloc)
                  11825d40    00000140                     : _scanfi.c.obj (.text:_sproc_str)
                  11825e80    00000140                     : _scanfi.c.obj (.text:_sproc_wstr)
                  11825fc0    00000140                     : fgetc.c.obj (.text:fgetc)
                  11826100    00000140     main.obj (.text)
                  11826240    00000120     rts6740_elf.lib : locale.cpp.obj (.text:_ZNKSt3__220__time_get_c_storageIcE7__am_pmEv)
                  11826360    00000120                     : locale.cpp.obj (.text:_ZNKSt3__220__time_get_c_storageIwE7__am_pmEv)
                  11826480    00000120                     : locale.cpp.obj (.text:_ZNKSt3__27num_putIwNS_19ostreambuf_iteratorIwNS_11char_traitsIwEEEEE6do_putES4_RNS_8ios_baseEwPKv)
                  118265a0    00000120                     : locale.cpp.obj (.text:_ZNKSt3__28time_getIcNS_19istreambuf_iteratorIcNS_11char_traitsIcEEEEE11__get_am_pmERiRS4_S4_RjRKNS_5ctypeIcEE)
                  118266c0    00000120                     : locale.cpp.obj (.text:_ZNKSt3__28time_getIwNS_19istreambuf_iteratorIwNS_11char_traitsIwEEEEE11__get_am_pmERiRS4_S4_RjRKNS_5ctypeIwEE)
                  118267e0    00000120                     : locale.cpp.obj (.text:_ZNKSt3__28time_putIwNS_19ostreambuf_iteratorIwNS_11char_traitsIwEEEEE6do_putES4_RNS_8ios_baseEwPK2tmcc)
                  11826900    00000120                     : ios.cpp.obj (.text:_ZNSt3__213basic_ostreamIcNS_11char_traitsIcEEE3putEc)
                  11826a20    00000120                     : ios.cpp.obj (.text:_ZNSt3__213basic_ostreamIcNS_11char_traitsIcEEE6sentryD1Ev)
                  11826b40    00000120                     : ios.cpp.obj (.text:_ZNSt3__213basic_ostreamIwNS_11char_traitsIwEEE6sentryD1Ev)
                  11826c60    00000120                     : ios.cpp.obj (.text:_ZNSt3__215basic_streambufIcNS_11char_traitsIcEEE6xsgetnEPci)
                  11826d80    00000120                     : ios.cpp.obj (.text:_ZNSt3__215basic_streambufIcNS_11char_traitsIcEEE6xsputnEPKci)
                  11826ea0    00000120                     : locale.cpp.obj (.text:_ZNSt3__227__num_get_unsigned_integralIjEET_PKcS3_Rji)
                  11826fc0    00000120                     : locale.cpp.obj (.text:_ZNSt3__227__num_get_unsigned_integralImEET_PKcS3_Rji)
                  118270e0    00000120                     : locale.cpp.obj (.text:_ZNSt3__227__num_get_unsigned_integralItEET_PKcS3_Rji)
                  11827200    00000120                     : locale.cpp.obj (.text:_ZNSt3__227__num_get_unsigned_integralIyEET_PKcS3_Rji)
                  11827320    00000120                     : locale.cpp.obj (.text:_ZNSt3__26locale5__impD1Ev)
                  11827440    00000120                     : vec_newdel.c.obj (.text:__cxa_vec_ctor)
                  11827560    00000120                     : _printfi.c.obj (.text:_pconv_f)
                  11827680    00000120                     : getdevice.c.obj (.text:getdevice)
                  118277a0    00000100                     : locale.cpp.obj (.text:_ZNKSt3__27num_putIcNS_19ostreambuf_iteratorIcNS_11char_traitsIcEEEEE6do_putES4_RNS_8ios_baseEcPKv)
                  118278a0    00000100                     : locale.cpp.obj (.text:_ZNKSt3__28time_getIcNS_19istreambuf_iteratorIcNS_11char_traitsIcEEEEE17__get_white_spaceERS4_S4_RjRKNS_5ctypeIcEE)
                  118279a0    00000100                     : locale.cpp.obj (.text:_ZNKSt3__28time_putIcNS_19ostreambuf_iteratorIcNS_11char_traitsIcEEEEE6do_putES4_RNS_8ios_baseEcPK2tmcc)
                  11827aa0    00000100                     : string.cpp.obj (.text:_ZNSt3__212basic_stringIcNS_11char_traitsIcEENS_9allocatorIcEEE6__initEPKcj)
                  11827ba0    00000100                     : string.cpp.obj (.text:_ZNSt3__212basic_stringIcNS_11char_traitsIcEENS_9allocatorIcEEE6__initEjc)
                  11827ca0    00000100                     : string.cpp.obj (.text:_ZNSt3__212basic_stringIcNS_11char_traitsIcEENS_9allocatorIcEEE6resizeEjc)
                  11827da0    00000100                     : locale.cpp.obj (.text:_ZNSt3__215__num_get_floatIdEET_PKcS3_Rj)
                  11827ea0    00000100                     : locale.cpp.obj (.text:_ZNSt3__215__num_get_floatIeEET_PKcS3_Rj)
                  11827fa0    00000100                     : locale.cpp.obj (.text:_ZNSt3__215__num_get_floatIfEET_PKcS3_Rj)
                  118280a0    00000100                     : locale.cpp.obj (.text:_ZNSt3__26locale5__imp7installEPNS0_5facetEl)
                  118281a0    00000100                     : locale.cpp.obj (.text:_ZNSt3__2neIwNS_11char_traitsIwEEEEbRKNS_19istreambuf_iteratorIT_T0_EES8_)
                  118282a0    00000100                     : autoinit.c.obj (.text:__TI_auto_init_nobinit:__TI_auto_init_nobinit)
                  118283a0    00000100                     : fclose.c.obj (.text:__TI_closefile)
                  118284a0    00000100                     : copy_decompress_rle.c.obj (.text:__TI_decompress_rle_core)
                  118285a0    00000100                     : _printfi.c.obj (.text:_mcpy)
                  118286a0    00000100                     : atoi.c.obj (.text:atoi)
                  118287a0    00000100                     : fflush.c.obj (.text:fflush)
                  118288a0    00000100                     : fseek.c.obj (.text:fseek)
                  118289a0    00000100                     : none_mb.c.obj (.text:mbsnrtowcs)
                  11828aa0    00000100                     : ungetc.c.obj (.text:ungetc)
                  11828ba0    000000e0                     : hostlseek.c.obj (.text:HOSTlseek)
                  11828c80    000000e0                     : hostopen.c.obj (.text:HOSTopen)
                  11828d60    000000e0                     : hostwrite.c.obj (.text:HOSTwrite)
                  11828e40    000000e0                     : locale.cpp.obj (.text:_ZNKSt3__219istreambuf_iteratorIcNS_11char_traitsIcEEE5equalERKS3_)
                  11828f20    000000e0                     : locale.cpp.obj (.text:_ZNKSt3__219istreambuf_iteratorIwNS_11char_traitsIwEEE5equalERKS3_)
                  11829000    000000e0                     : locale.cpp.obj (.text:_ZNKSt3__27codecvtIwciE9do_lengthERiPKcS4_j)
                  118290e0    000000e0                     : locale.cpp.obj (.text:_ZNKSt3__28time_getIwNS_19istreambuf_iteratorIwNS_11char_traitsIwEEEEE17__get_white_spaceERS4_S4_RjRKNS_5ctypeIwEE)
                  118291c0    000000e0                     : ios.cpp.obj (.text:_ZNSt3__213basic_ostreamIcNS_11char_traitsIcEEE5flushEv)
                  118292a0    000000e0                     : ios.cpp.obj (.text:_ZNSt3__213basic_ostreamIwNS_11char_traitsIwEEE5flushEv)
                  11829380    000000e0                     : locale.cpp.obj (.text:_ZNSt3__214__split_bufferIPNS_6locale5facetERNS_15__sso_allocatorIS3_Lj28EEEEC1EjjS6_)
                  11829460    000000e0                     : locale.cpp.obj (.text:_ZNSt3__2eqIcNS_11char_traitsIcEEEEbRKNS_19istreambuf_iteratorIT_T0_EES8_)
                  11829540    000000e0                     : _ltoa.c.obj (.text:__TI_ltoa)
                  11829620    000000e0                     : _io_perm.c.obj (.text:__TI_wrt_ok)
                  11829700    000000e0                     : divi.asm.obj (.text:__divi)
                  118297e0    000000e0                     : close.c.obj (.text:close)
                  118298c0    000000e0                     : exit.c.obj (.text:exit)
                  118299a0    000000e0                     : memset.c.obj (.text:memset)
                  11829a80    000000c0                     : hostread.c.obj (.text:HOSTread)
                  11829b40    000000c0                     : hostunlink.c.obj (.text:HOSTunlink)
                  11829c00    000000c0                     : dtor_list.c.obj (.text:_Z23__finalize_destructionsPP20a_needed_destructionPv)
                  11829cc0    000000c0                     : dtor_list.c.obj (.text:_ZN33_INTERNAL_11_dtor_list_c_14e673d611__TI_atexitEPFYvPvES0_S0_)
                  11829d80    000000c0                     : locale.cpp.obj (.text:_ZNKSt3__25ctypeIcE10do_tolowerEPcPKc)
                  11829e40    000000c0                     : locale.cpp.obj (.text:_ZNKSt3__25ctypeIcE10do_toupperEPcPKc)
                  11829f00    000000c0                     : locale.cpp.obj (.text:_ZNKSt3__25ctypeIwE10do_tolowerEPwPKw)
                  11829fc0    000000c0                     : locale.cpp.obj (.text:_ZNKSt3__25ctypeIwE10do_toupperEPwPKw)
                  1182a080    000000c0                     : locale.cpp.obj (.text:_ZNKSt3__28time_getIcNS_19istreambuf_iteratorIcNS_11char_traitsIcEEEEE17__get_weekdaynameERiRS4_S4_RjRKNS_5ctypeIcEE)
                  1182a140    000000c0                     : locale.cpp.obj (.text:_ZNKSt3__28time_getIwNS_19istreambuf_iteratorIwNS_11char_traitsIwEEEEE17__get_weekdaynameERiRS4_S4_RjRKNS_5ctypeIwEE)
                  1182a200    000000c0                     : ios.cpp.obj (.text:_ZNKSt3__29basic_iosIcNS_11char_traitsIcEEE4fillEv)
                  1182a2c0    000000c0                     : iostream.cpp.obj (.text:_ZNSt3__210__stdinbufIcE5imbueERKNS_6localeE)
                  1182a380    000000c0                     : iostream.cpp.obj (.text:_ZNSt3__211__stdoutbufIcE4syncEv)
                  1182a440    000000c0                     : iostream.cpp.obj (.text:_ZNSt3__211__stdoutbufIcE6xsputnEPKci)
                  1182a500    000000c0                     : iostream.cpp.obj (.text:_ZNSt3__211__stdoutbufIwE4syncEv)
                  1182a5c0    000000c0                     : iostream.cpp.obj (.text:_ZNSt3__211__stdoutbufIwE6xsputnEPKwi)
                  1182a680    000000c0                     : string.cpp.obj (.text:_ZNSt3__212basic_stringIcNS_11char_traitsIcEENS_9allocatorIcEEEC1ERKS5_)
                  1182a740    000000c0                     : string.cpp.obj (.text:_ZNSt3__212basic_stringIwNS_11char_traitsIwEENS_9allocatorIwEEEC1ERKS5_)
                  1182a800    000000c0                     : ios.cpp.obj (.text:_ZNSt3__213basic_ostreamIcNS_11char_traitsIcEEE6sentryC1ERS3_)
                  1182a8c0    000000c0                     : ios.cpp.obj (.text:_ZNSt3__213basic_ostreamIwNS_11char_traitsIwEEE6sentryC1ERS3_)
                  1182a980    000000c0                     : locale.cpp.obj (.text:_ZNSt3__214__num_put_base12__format_intEPcPKcbj)
                  1182aa40    000000c0                     : locale.cpp.obj (.text:_ZNSt3__26vectorIPNS_6locale5facetENS_15__sso_allocatorIS3_Lj28EEEE8allocateEj)
                  1182ab00    000000c0                     : locale.cpp.obj (.text:_ZNSt3__29__num_getIcE19__stage2_float_prepERNS_8ios_baseEPcRcS5_)
                  1182abc0    000000c0                     : locale.cpp.obj (.text:_ZNSt3__29__num_getIwE19__stage2_float_prepERNS_8ios_baseEPwRwS5_)
                  1182ac80    000000c0                     : divu.asm.obj (.text:__divu)
                  1182ad40    000000c0                     : memory.c.obj (.text:mremove)
                  1182ae00    000000c0                     : tls.c.obj (.text:tls:init:__TI_tls_init)
                  1182aec0    000000a0                     : hostclose.c.obj (.text:HOSTclose)
                  1182af60    000000a0                     : locale.cpp.obj (.text:_ZNKSt3__25ctypeIcE9do_narrowEPKcS3_cPc)
                  1182b000    000000a0                     : locale.cpp.obj (.text:_ZNKSt3__27codecvtIwciE10do_unshiftERiPcS3_RS3_)
                  1182b0a0    000000a0                     : locale.cpp.obj (.text:_ZNKSt3__27collateIcE10do_compareEPKcS3_S3_S3_)
                  1182b140    000000a0                     : locale.cpp.obj (.text:_ZNKSt3__27collateIwE10do_compareEPKwS3_S3_S3_)
                  1182b1e0    000000a0                     : locale.cpp.obj (.text:_ZNKSt3__28time_getIcNS_19istreambuf_iteratorIcNS_11char_traitsIcEEEEE11do_get_dateES4_S4_RNS_8ios_baseERjP2tm)
                  1182b280    000000a0                     : locale.cpp.obj (.text:_ZNKSt3__28time_getIcNS_19istreambuf_iteratorIcNS_11char_traitsIcEEEEE11do_get_yearES4_S4_RNS_8ios_baseERjP2tm)
                  1182b320    000000a0                     : locale.cpp.obj (.text:_ZNKSt3__28time_getIcNS_19istreambuf_iteratorIcNS_11char_traitsIcEEEEE14do_get_weekdayES4_S4_RNS_8ios_baseERjP2tm)
                  1182b3c0    000000a0                     : locale.cpp.obj (.text:_ZNKSt3__28time_getIcNS_19istreambuf_iteratorIcNS_11char_traitsIcEEEEE15__get_monthnameERiRS4_S4_RjRKNS_5ctypeIcEE)
                  1182b460    000000a0                     : locale.cpp.obj (.text:_ZNKSt3__28time_getIcNS_19istreambuf_iteratorIcNS_11char_traitsIcEEEEE16do_get_monthnameES4_S4_RNS_8ios_baseERjP2tm)
                  1182b500    000000a0                     : locale.cpp.obj (.text:_ZNKSt3__28time_getIwNS_19istreambuf_iteratorIwNS_11char_traitsIwEEEEE11do_get_dateES4_S4_RNS_8ios_baseERjP2tm)
                  1182b5a0    000000a0                     : locale.cpp.obj (.text:_ZNKSt3__28time_getIwNS_19istreambuf_iteratorIwNS_11char_traitsIwEEEEE11do_get_yearES4_S4_RNS_8ios_baseERjP2tm)
                  1182b640    000000a0                     : locale.cpp.obj (.text:_ZNKSt3__28time_getIwNS_19istreambuf_iteratorIwNS_11char_traitsIwEEEEE14do_get_weekdayES4_S4_RNS_8ios_baseERjP2tm)
                  1182b6e0    000000a0                     : locale.cpp.obj (.text:_ZNKSt3__28time_getIwNS_19istreambuf_iteratorIwNS_11char_traitsIwEEEEE15__get_monthnameERiRS4_S4_RjRKNS_5ctypeIwEE)
                  1182b780    000000a0                     : locale.cpp.obj (.text:_ZNKSt3__28time_getIwNS_19istreambuf_iteratorIwNS_11char_traitsIwEEEEE16do_get_monthnameES4_S4_RNS_8ios_baseERjP2tm)
                  1182b820    000000a0                     : iostream.cpp.obj (.text:_ZNSt3__210__stdinbufIwE5imbueERKNS_6localeE)
                  1182b8c0    000000a0                     : iostream.cpp.obj (.text:_ZNSt3__211__stdoutbufIcEC1EP7__sFILEPi)
                  1182b960    000000a0                     : iostream.cpp.obj (.text:_ZNSt3__211__stdoutbufIwEC1EP7__sFILEPi)
                  1182ba00    000000a0                     : locale.cpp.obj (.text:_ZNSt3__214__num_put_base18__identify_paddingEPcS1_RKNS_8ios_baseE)
                  1182baa0    000000a0                     : locale.cpp.obj (.text:_ZNSt3__214__split_bufferIPNS_6locale5facetERNS_15__sso_allocatorIS3_Lj28EEEED1Ev)
                  1182bb40    000000a0                     : locale.cpp.obj (.text:_ZNSt3__26__clocEv)
                  1182bbe0    000000a0                     : locale.cpp.obj (.text:_ZNSt3__26locale2id5__getEv)
                  1182bc80    000000a0                     : locale.cpp.obj (.text:_ZNSt3__26locale7classicEv)
                  1182bd20    000000a0                     : locale.cpp.obj (.text:_ZNSt3__26locale8__globalEv)
                  1182bdc0    000000a0                     : fopen.c.obj (.text:__TI_cleanup)
                  1182be60    000000a0                     : fflush.c.obj (.text:__TI_doflush)
                  1182bf00    000000a0                     : _io_perm.c.obj (.text:__TI_rd_ok)
                  1182bfa0    000000a0                     : remu.asm.obj (.text:__remu)
                  1182c040    000000a0                     : _printfi.c.obj (.text:_ecpy)
                  1182c0e0    000000a0                     : getdevice.c.obj (.text:finddevice)
                  1182c180    000000a0                     : none_mb.c.obj (.text:mbtowc)
                  1182c220    000000a0                     : memcpy64.asm.obj (.text:memcpy)
                  1182c2c0    000000a0                     : memmov.c.obj (.text:memmove)
                  1182c360    000000a0                     : memory.c.obj (.text:minsert)
                  1182c400    000000a0                     : vasprintf.c.obj (.text:vasprintf)
                  1182c4a0    00000080                     : locale.cpp.obj (.text:_ZNKSt3__210__time_put8__do_putEPcRS1_PK2tmcc)
                  1182c520    00000080                     : locale.cpp.obj (.text:_ZNKSt3__25ctypeIcE10do_tolowerEc)
                  1182c5a0    00000080                     : locale.cpp.obj (.text:_ZNKSt3__25ctypeIcE10do_toupperEc)
                  1182c620    00000080                     : locale.cpp.obj (.text:_ZNKSt3__25ctypeIcE8do_widenEPKcS3_Pc)
                  1182c6a0    00000080                     : locale.cpp.obj (.text:_ZNKSt3__25ctypeIwE10do_scan_isEhPKwS3_)
                  1182c720    00000080                     : locale.cpp.obj (.text:_ZNKSt3__25ctypeIwE10do_tolowerEw)
                  1182c7a0    00000080                     : locale.cpp.obj (.text:_ZNKSt3__25ctypeIwE10do_toupperEw)
                  1182c820    00000080                     : locale.cpp.obj (.text:_ZNKSt3__25ctypeIwE11do_scan_notEhPKwS3_)
                  1182c8a0    00000080                     : locale.cpp.obj (.text:_ZNKSt3__27codecvtIDiciE5do_inERiPKcS4_RS4_PDiS6_RS6_)
                  1182c920    00000080                     : locale.cpp.obj (.text:_ZNKSt3__27codecvtIDiciE6do_outERiPKDiS4_RS4_PcS6_RS6_)
                  1182c9a0    00000080                     : locale.cpp.obj (.text:_ZNKSt3__27codecvtIDsciE5do_inERiPKcS4_RS4_PDsS6_RS6_)
                  1182ca20    00000080                     : locale.cpp.obj (.text:_ZNKSt3__27codecvtIDsciE6do_outERiPKDsS4_RS4_PcS6_RS6_)
                  1182caa0    00000080                     : locale.cpp.obj (.text:_ZNKSt3__27codecvtIwciE11do_encodingEv)
                  1182cb20    00000080                     : locale.cpp.obj (.text:_ZNKSt3__27collateIwE7do_hashEPKwS3_)
                  1182cba0    00000080                     : iostream.cpp.obj (.text:_ZNSt3__210__stdinbufIcEC1EP7__sFILEPi)
                  1182cc20    00000080                     : iostream.cpp.obj (.text:_ZNSt3__210__stdinbufIwEC1EP7__sFILEPi)
                  1182cca0    00000080                     : iostream.cpp.obj (.text:_ZNSt3__211__stdoutbufIcE5imbueERKNS_6localeE)
                  1182cd20    00000080                     : iostream.cpp.obj (.text:_ZNSt3__211__stdoutbufIwE5imbueERKNS_6localeE)
                  1182cda0    00000080                     : locale.cpp.obj (.text:_ZNSt3__219istreambuf_iteratorIcNS_11char_traitsIcEEEppEv)
                  1182ce20    00000080                     : locale.cpp.obj (.text:_ZNSt3__219istreambuf_iteratorIwNS_11char_traitsIwEEEppEv)
                  1182cea0    00000080                     : locale.cpp.obj (.text:_ZNSt3__219ostreambuf_iteratorIcNS_11char_traitsIcEEEaSEc)
                  1182cf20    00000080                     : locale.cpp.obj (.text:_ZNSt3__219ostreambuf_iteratorIwNS_11char_traitsIwEEEaSEw)
                  1182cfa0    00000080                     : ios.cpp.obj (.text:_ZNSt3__28ios_base16__call_callbacksENS0_5eventE)
                  1182d020    00000080                     : ios.cpp.obj (.text:_ZNSt3__28ios_baseD1Ev)
                  1182d0a0    00000080                     : locale.cpp.obj (.text:_ZNSt3__28numpunctIcEC1Ej)
                  1182d120    00000080                     : locale.cpp.obj (.text:_ZNSt3__28numpunctIwEC1Ej)
                  1182d1a0    00000080                     : new.cpp.obj (.text:_Znwj)
                  1182d220    00000080                     : trgmsg.c.obj (.text:__TI_readmsg)
                  1182d2a0    00000080                     : llshift.c.obj (.text:__c6xabi_llshl)
                  1182d320    00000080                     : vec_newdel.c.obj (.text:__cxa_vec_dtor)
                  1182d3a0    00000080                     : boot.c.obj (.text:_c_int00)
                  1182d420    00000080                     : snprintf.c.obj (.text:_outs)
                  1182d4a0    00000080                     : vsnprintf.c.obj (.text:_outs)
                  1182d520    00000080                     : snprintf.c.obj (.text:snprintf)
                  1182d5a0    00000080                     : unlink.c.obj (.text:unlink)
                  1182d620    00000080                     : vsnprintf.c.obj (.text:vsnprintf)
                  1182d6a0    00000080                     : none_mb.c.obj (.text:wcrtomb)
                  1182d720    00000080                     : wmemset.c.obj (.text:wmemset)
                  1182d7a0    00000060                     : locale.cpp.obj (.text:_ZNKSt3__25ctypeIwE5do_isEPKwS3_Ph)
                  1182d800    00000060                     : locale.cpp.obj (.text:_ZNKSt3__25ctypeIwE9do_narrowEPKwS3_cPc)
                  1182d860    00000060                     : locale.cpp.obj (.text:_ZNKSt3__28time_getIcNS_19istreambuf_iteratorIcNS_11char_traitsIcEEEEE10__get_hourERiRS4_S4_RjRKNS_5ctypeIcEE)
                  1182d8c0    00000060                     : locale.cpp.obj (.text:_ZNKSt3__28time_getIcNS_19istreambuf_iteratorIcNS_11char_traitsIcEEEEE10__get_yearERiRS4_S4_RjRKNS_5ctypeIcEE)
                  1182d920    00000060                     : locale.cpp.obj (.text:_ZNKSt3__28time_getIcNS_19istreambuf_iteratorIcNS_11char_traitsIcEEEEE11__get_monthERiRS4_S4_RjRKNS_5ctypeIcEE)
                  1182d980    00000060                     : locale.cpp.obj (.text:_ZNKSt3__28time_getIcNS_19istreambuf_iteratorIcNS_11char_traitsIcEEEEE11__get_year4ERiRS4_S4_RjRKNS_5ctypeIcEE)
                  1182d9e0    00000060                     : locale.cpp.obj (.text:_ZNKSt3__28time_getIcNS_19istreambuf_iteratorIcNS_11char_traitsIcEEEEE12__get_minuteERiRS4_S4_RjRKNS_5ctypeIcEE)
                  1182da40    00000060                     : locale.cpp.obj (.text:_ZNKSt3__28time_getIcNS_19istreambuf_iteratorIcNS_11char_traitsIcEEEEE12__get_secondERiRS4_S4_RjRKNS_5ctypeIcEE)
                  1182daa0    00000060                     : locale.cpp.obj (.text:_ZNKSt3__28time_getIcNS_19istreambuf_iteratorIcNS_11char_traitsIcEEEEE13__get_12_hourERiRS4_S4_RjRKNS_5ctypeIcEE)
                  1182db00    00000060                     : locale.cpp.obj (.text:_ZNKSt3__28time_getIcNS_19istreambuf_iteratorIcNS_11char_traitsIcEEEEE13__get_weekdayERiRS4_S4_RjRKNS_5ctypeIcEE)
                  1182db60    00000060                     : locale.cpp.obj (.text:_ZNKSt3__28time_getIcNS_19istreambuf_iteratorIcNS_11char_traitsIcEEEEE18__get_day_year_numERiRS4_S4_RjRKNS_5ctypeIcEE)
                  1182dbc0    00000060                     : locale.cpp.obj (.text:_ZNKSt3__28time_getIcNS_19istreambuf_iteratorIcNS_11char_traitsIcEEEEE9__get_dayERiRS4_S4_RjRKNS_5ctypeIcEE)
                  1182dc20    00000060                     : locale.cpp.obj (.text:_ZNKSt3__28time_getIwNS_19istreambuf_iteratorIwNS_11char_traitsIwEEEEE10__get_hourERiRS4_S4_RjRKNS_5ctypeIwEE)
                  1182dc80    00000060                     : locale.cpp.obj (.text:_ZNKSt3__28time_getIwNS_19istreambuf_iteratorIwNS_11char_traitsIwEEEEE10__get_yearERiRS4_S4_RjRKNS_5ctypeIwEE)
                  1182dce0    00000060                     : locale.cpp.obj (.text:_ZNKSt3__28time_getIwNS_19istreambuf_iteratorIwNS_11char_traitsIwEEEEE11__get_monthERiRS4_S4_RjRKNS_5ctypeIwEE)
                  1182dd40    00000060                     : locale.cpp.obj (.text:_ZNKSt3__28time_getIwNS_19istreambuf_iteratorIwNS_11char_traitsIwEEEEE11__get_year4ERiRS4_S4_RjRKNS_5ctypeIwEE)
                  1182dda0    00000060                     : locale.cpp.obj (.text:_ZNKSt3__28time_getIwNS_19istreambuf_iteratorIwNS_11char_traitsIwEEEEE11do_get_timeES4_S4_RNS_8ios_baseERjP2tm)
                  1182de00    00000060                     : locale.cpp.obj (.text:_ZNKSt3__28time_getIwNS_19istreambuf_iteratorIwNS_11char_traitsIwEEEEE12__get_minuteERiRS4_S4_RjRKNS_5ctypeIwEE)
                  1182de60    00000060                     : locale.cpp.obj (.text:_ZNKSt3__28time_getIwNS_19istreambuf_iteratorIwNS_11char_traitsIwEEEEE12__get_secondERiRS4_S4_RjRKNS_5ctypeIwEE)
                  1182dec0    00000060                     : locale.cpp.obj (.text:_ZNKSt3__28time_getIwNS_19istreambuf_iteratorIwNS_11char_traitsIwEEEEE13__get_12_hourERiRS4_S4_RjRKNS_5ctypeIwEE)
                  1182df20    00000060                     : locale.cpp.obj (.text:_ZNKSt3__28time_getIwNS_19istreambuf_iteratorIwNS_11char_traitsIwEEEEE13__get_weekdayERiRS4_S4_RjRKNS_5ctypeIwEE)
                  1182df80    00000060                     : locale.cpp.obj (.text:_ZNKSt3__28time_getIwNS_19istreambuf_iteratorIwNS_11char_traitsIwEEEEE18__get_day_year_numERiRS4_S4_RjRKNS_5ctypeIwEE)
                  1182dfe0    00000060                     : locale.cpp.obj (.text:_ZNKSt3__28time_getIwNS_19istreambuf_iteratorIwNS_11char_traitsIwEEEEE9__get_dayERiRS4_S4_RjRKNS_5ctypeIwEE)
                  1182e040    00000060                     : ios.cpp.obj (.text:_ZNKSt3__29basic_iosIcNS_11char_traitsIcEEE5widenEc)
                  1182e0a0    00000060                     : locale.cpp.obj (.text:_ZNSt3__210__time_putD1Ev)
                  1182e100    00000060                     : mutex.cpp.obj (.text:_ZNSt3__211__call_onceERVmPvPFvS2_E)
                  1182e160    00000060                     : string.cpp.obj (.text:_ZNSt3__212basic_stringIcNS_11char_traitsIcEENS_9allocatorIcEEED1Ev)
                  1182e1c0    00000060                     : string.cpp.obj (.text:_ZNSt3__212basic_stringIwNS_11char_traitsIwEENS_9allocatorIwEEED1Ev)
                  1182e220    00000060                     : ios.cpp.obj (.text:_ZNSt3__213basic_istreamIcNS_11char_traitsIcEEED2Ev)
                  1182e280    00000060                     : ios.cpp.obj (.text:_ZNSt3__213basic_istreamIwNS_11char_traitsIwEEED2Ev)
                  1182e2e0    00000060                     : ios.cpp.obj (.text:_ZNSt3__213basic_ostreamIcNS_11char_traitsIcEEED2Ev)
                  1182e340    00000060                     : ios.cpp.obj (.text:_ZNSt3__213basic_ostreamIwNS_11char_traitsIwEEED2Ev)
                  1182e3a0    00000060                     : ios.cpp.obj (.text:_ZNSt3__215basic_streambufIcNS_11char_traitsIcEEE5uflowEv)
                  1182e400    00000060                     : ios.cpp.obj (.text:_ZNSt3__215basic_streambufIcNS_11char_traitsIcEEEC1Ev)
                  1182e460    00000060                     : ios.cpp.obj (.text:_ZNSt3__215basic_streambufIwNS_11char_traitsIwEEE5uflowEv)
                  1182e4c0    00000060                     : ios.cpp.obj (.text:_ZNSt3__215basic_streambufIwNS_11char_traitsIwEEEC1Ev)
                  1182e520    00000060                     : locale.cpp.obj (.text:_ZNSt3__217__call_once_proxyINS_5tupleIJONS_34_GLOBAL__N__10_locale_cpp_a718320311__fake_bindEEEEEEvPv)
                  1182e580    00000060     main.obj (.text:_ZNSt3__24endlIcNS_11char_traitsIcEEEERNS_13basic_ostreamIT_T0_EES7_)
                  1182e5e0    00000060     rts6740_elf.lib : locale.cpp.obj (.text:_ZNSt3__25ctypeIcEC1EPKhbj)
                  1182e640    00000060                     : locale.cpp.obj (.text:_ZNSt3__25ctypeIcED1Ev)
                  1182e6a0    00000060                     : locale.cpp.obj (.text:_ZNSt3__26localeD1Ev)
                  1182e700    00000060                     : locale.cpp.obj (.text:_ZNSt3__26vectorIPNS_6locale5facetENS_15__sso_allocatorIS3_Lj28EEEEC1Ej)
                  1182e760    00000060                     : locale.cpp.obj (.text:_ZNSt3__27codecvtIwciEC1Ej)
                  1182e7c0    00000060                     : locale.cpp.obj (.text:_ZNSt3__27codecvtIwciED1Ev)
                  1182e820    00000060                     : iostream.cpp.obj (.text:_ZNSt3__28ios_base4InitD1Ev)
                  1182e880    00000060                     : ios.cpp.obj (.text:_ZNSt3__28ios_base4initEPv)
                  1182e8e0    00000060                     : locale.cpp.obj (.text:_ZNSt3__28numpunctIcED1Ev)
                  1182e940    00000060                     : locale.cpp.obj (.text:_ZNSt3__28numpunctIwED1Ev)
                  1182e9a0    00000060                     : trgmsg.c.obj (.text:__TI_writemsg)
                  1182ea00    00000060                     : llshift.c.obj (.text:__c6xabi_llshru)
                  1182ea60    00000060                     : imath64.c.obj (.text:__c6xabi_remull)
                  1182eac0    00000060                     : iostream.cpp.obj (.text:__sti___12_iostream_cpp_d173592a__prio101)
                  1182eb20    00000060                     : imath64.c.obj (.text:_subcull)
                  1182eb80    00000060                     : lseek.c.obj (.text:lseek)
                  1182ebe0    00000060                     : memccpy.c.obj (.text:memccpy)
                  1182ec40    00000060                     : read.c.obj (.text:read)
                  1182eca0    00000060                     : sscanf.c.obj (.text:sscanf)
                  1182ed00    00000060                     : strcpy.c.obj (.text:strcpy)
                  1182ed60    00000060                     : _scanfi.c.obj (.text:strrchr)
                  1182edc0    00000060                     : write.c.obj (.text:write)
                  1182ee20    00000040     LED.obj (.text)
                  1182ee60    00000040     Pinmux.obj (.text)
                  1182eea0    00000040     rts6740_elf.lib : typeinfo.c.obj (.text:_ZN10__cxxabiv117__class_type_infoD0Ev)
                  1182eee0    00000040                     : typeinfo.c.obj (.text:_ZN10__cxxabiv120__si_class_type_infoD0Ev)
                  1182ef20    00000040                     : typeinfo.c.obj (.text:_ZN10__cxxabiv121__vmi_class_type_infoD0Ev)
                  1182ef60    00000040                     : locale.cpp.obj (.text:_ZNKSt3__210moneypunctIcLb0EE11do_groupingEv)
                  1182efa0    00000040                     : locale.cpp.obj (.text:_ZNKSt3__210moneypunctIcLb0EE13do_neg_formatEv)
                  1182efe0    00000040                     : locale.cpp.obj (.text:_ZNKSt3__210moneypunctIcLb0EE13do_pos_formatEv)
                  1182f020    00000040                     : locale.cpp.obj (.text:_ZNKSt3__210moneypunctIcLb0EE14do_curr_symbolEv)
                  1182f060    00000040                     : locale.cpp.obj (.text:_ZNKSt3__210moneypunctIcLb0EE16do_negative_signEv)
                  1182f0a0    00000040                     : locale.cpp.obj (.text:_ZNKSt3__210moneypunctIcLb0EE16do_positive_signEv)
                  1182f0e0    00000040                     : locale.cpp.obj (.text:_ZNKSt3__210moneypunctIcLb1EE11do_groupingEv)
                  1182f120    00000040                     : locale.cpp.obj (.text:_ZNKSt3__210moneypunctIcLb1EE13do_neg_formatEv)
                  1182f160    00000040                     : locale.cpp.obj (.text:_ZNKSt3__210moneypunctIcLb1EE13do_pos_formatEv)
                  1182f1a0    00000040                     : locale.cpp.obj (.text:_ZNKSt3__210moneypunctIcLb1EE14do_curr_symbolEv)
                  1182f1e0    00000040                     : locale.cpp.obj (.text:_ZNKSt3__210moneypunctIcLb1EE16do_negative_signEv)
                  1182f220    00000040                     : locale.cpp.obj (.text:_ZNKSt3__210moneypunctIcLb1EE16do_positive_signEv)
                  1182f260    00000040                     : locale.cpp.obj (.text:_ZNKSt3__210moneypunctIwLb0EE11do_groupingEv)
                  1182f2a0    00000040                     : locale.cpp.obj (.text:_ZNKSt3__210moneypunctIwLb0EE13do_neg_formatEv)
                  1182f2e0    00000040                     : locale.cpp.obj (.text:_ZNKSt3__210moneypunctIwLb0EE13do_pos_formatEv)
                  1182f320    00000040                     : locale.cpp.obj (.text:_ZNKSt3__210moneypunctIwLb0EE14do_curr_symbolEv)
                  1182f360    00000040                     : locale.cpp.obj (.text:_ZNKSt3__210moneypunctIwLb0EE16do_negative_signEv)
                  1182f3a0    00000040                     : locale.cpp.obj (.text:_ZNKSt3__210moneypunctIwLb0EE16do_positive_signEv)
                  1182f3e0    00000040                     : locale.cpp.obj (.text:_ZNKSt3__210moneypunctIwLb1EE11do_groupingEv)
                  1182f420    00000040                     : locale.cpp.obj (.text:_ZNKSt3__210moneypunctIwLb1EE13do_neg_formatEv)
                  1182f460    00000040                     : locale.cpp.obj (.text:_ZNKSt3__210moneypunctIwLb1EE13do_pos_formatEv)
                  1182f4a0    00000040                     : locale.cpp.obj (.text:_ZNKSt3__210moneypunctIwLb1EE14do_curr_symbolEv)
                  1182f4e0    00000040                     : locale.cpp.obj (.text:_ZNKSt3__210moneypunctIwLb1EE16do_negative_signEv)
                  1182f520    00000040                     : locale.cpp.obj (.text:_ZNKSt3__210moneypunctIwLb1EE16do_positive_signEv)
                  1182f560    00000040                     : string.cpp.obj (.text:_ZNKSt3__212basic_stringIcNS_11char_traitsIcEENS_9allocatorIcEEE4dataEv)
                  1182f5a0    00000040     main.obj (.text:_ZNKSt3__219ostreambuf_iteratorIcNS_11char_traitsIcEEE6failedEv)
                  1182f5e0    00000040     main.obj (.text:_ZNKSt3__25ctypeIcE5widenEc)
                  1182f620    00000040     rts6740_elf.lib : locale.cpp.obj (.text:_ZNKSt3__25ctypeIwE5do_isEhw)
                  1182f660    00000040                     : locale.cpp.obj (.text:_ZNKSt3__25ctypeIwE8do_widenEPKcS3_Pw)
                  1182f6a0    00000040                     : locale.cpp.obj (.text:_ZNKSt3__26locale9use_facetERNS0_2idE)
                  1182f6e0    00000040                     : locale.cpp.obj (.text:_ZNKSt3__27codecvtIDiciE9do_lengthERiPKcS4_j)
                  1182f720    00000040                     : locale.cpp.obj (.text:_ZNKSt3__27codecvtIDsciE9do_lengthERiPKcS4_j)
                  1182f760    00000040                     : locale.cpp.obj (.text:_ZNKSt3__27codecvtIcciE9do_lengthERiPKcS4_j)
                  1182f7a0    00000040                     : locale.cpp.obj (.text:_ZNKSt3__27codecvtIwciE13do_max_lengthEv)
                  1182f7e0    00000040                     : locale.cpp.obj (.text:_ZNKSt3__28time_getIcNS_19istreambuf_iteratorIcNS_11char_traitsIcEEEEE11do_get_timeES4_S4_RNS_8ios_baseERjP2tm)
                  1182f820    00000040                     : iostream.cpp.obj (.text:_ZNSt3__210__stdinbufIcED0Ev)
                  1182f860    00000040                     : iostream.cpp.obj (.text:_ZNSt3__210__stdinbufIwED0Ev)
                  1182f8a0    00000040                     : locale.cpp.obj (.text:_ZNSt3__210moneypunctIcLb0EED0Ev)
                  1182f8e0    00000040                     : locale.cpp.obj (.text:_ZNSt3__210moneypunctIcLb1EED0Ev)
                  1182f920    00000040                     : locale.cpp.obj (.text:_ZNSt3__210moneypunctIwLb0EED0Ev)
                  1182f960    00000040                     : locale.cpp.obj (.text:_ZNSt3__210moneypunctIwLb1EED0Ev)
                  1182f9a0    00000040                     : locale.cpp.obj (.text:_ZNSt3__210unique_ptrIcPFvPvEE5resetEPc)
                  1182f9e0    00000040                     : locale.cpp.obj (.text:_ZNSt3__210unique_ptrIhPFvPvEE5resetEPh)
                  1182fa20    00000040                     : locale.cpp.obj (.text:_ZNSt3__210unique_ptrIwPFvPvEE5resetEPw)
                  1182fa60    00000040                     : iostream.cpp.obj (.text:_ZNSt3__211__stdoutbufIcED0Ev)
                  1182faa0    00000040                     : iostream.cpp.obj (.text:_ZNSt3__211__stdoutbufIwED0Ev)
                  1182fae0    00000040                     : string.cpp.obj (.text:_ZNSt3__211char_traitsIcE4copyEPcPKcj)
                  1182fb20    00000040                     : string.cpp.obj (.text:_ZNSt3__211char_traitsIcE4moveEPcPKcj)
                  1182fb60    00000040     main.obj (.text:_ZNSt3__211char_traitsIcE6assignEPcjc)
                  1182fba0    00000040     rts6740_elf.lib : string.cpp.obj (.text:_ZNSt3__211char_traitsIwE4copyEPwPKwj)
                  1182fbe0    00000040                     : string.cpp.obj (.text:_ZNSt3__211char_traitsIwE4moveEPwPKwj)
                  1182fc20    00000040                     : string.cpp.obj (.text:_ZNSt3__212basic_stringIcNS_11char_traitsIcEENS_9allocatorIcEEE6assignEPKc)
                  1182fc60    00000040                     : string.cpp.obj (.text:_ZNSt3__212basic_stringIcNS_11char_traitsIcEENS_9allocatorIcEEEC1Ejc)
                  1182fca0    00000040                     : string.cpp.obj (.text:_ZNSt3__212basic_stringIcNS_11char_traitsIcEENS_9allocatorIcEEEC1Ev)
                  1182fce0    00000040                     : string.cpp.obj (.text:_ZNSt3__212basic_stringIwNS_11char_traitsIwEENS_9allocatorIwEEE6assignEPKw)
                  1182fd20    00000040                     : string.cpp.obj (.text:_ZNSt3__212basic_stringIwNS_11char_traitsIwEENS_9allocatorIwEEEC1Ev)
                  1182fd60    00000040                     : ios.cpp.obj (.text:_ZNSt3__213basic_istreamIcNS_11char_traitsIcEEED0Ev)
                  1182fda0    00000040                     : ios.cpp.obj (.text:_ZNSt3__213basic_istreamIcNS_11char_traitsIcEEED1Ev)
                  1182fde0    00000040                     : ios.cpp.obj (.text:_ZNSt3__213basic_istreamIwNS_11char_traitsIwEEED0Ev)
                  1182fe20    00000040                     : ios.cpp.obj (.text:_ZNSt3__213basic_istreamIwNS_11char_traitsIwEEED1Ev)
                  1182fe60    00000040                     : ios.cpp.obj (.text:_ZNSt3__213basic_ostreamIcNS_11char_traitsIcEEED0Ev)
                  1182fea0    00000040                     : ios.cpp.obj (.text:_ZNSt3__213basic_ostreamIcNS_11char_traitsIcEEED1Ev)
                  1182fee0    00000040                     : ios.cpp.obj (.text:_ZNSt3__213basic_ostreamIwNS_11char_traitsIwEEED0Ev)
                  1182ff20    00000040                     : ios.cpp.obj (.text:_ZNSt3__213basic_ostreamIwNS_11char_traitsIwEEED1Ev)
                  1182ff60    00000040                     : locale.cpp.obj (.text:_ZNSt3__214__num_get_base10__get_baseERNS_8ios_baseE)
                  1182ffa0    00000040                     : locale.cpp.obj (.text:_ZNSt3__214__shared_count16__release_sharedEv)
                  1182ffe0    00000040                     : ios.cpp.obj (.text:_ZNSt3__215basic_streambufIcNS_11char_traitsIcEEE5sgetcEv)
                  11830020    00000040                     : ios.cpp.obj (.text:_ZNSt3__215basic_streambufIcNS_11char_traitsIcEEED0Ev)
                  11830060    00000040                     : ios.cpp.obj (.text:_ZNSt3__215basic_streambufIcNS_11char_traitsIcEEED1Ev)
                  118300a0    00000040                     : ios.cpp.obj (.text:_ZNSt3__215basic_streambufIwNS_11char_traitsIwEEE5sgetcEv)
                  118300e0    00000040                     : ios.cpp.obj (.text:_ZNSt3__215basic_streambufIwNS_11char_traitsIwEEED0Ev)
                  11830120    00000040                     : ios.cpp.obj (.text:_ZNSt3__215basic_streambufIwNS_11char_traitsIwEEED1Ev)
                  11830160    00000040     main.obj (.text:_ZNSt3__219ostreambuf_iteratorIcNS_11char_traitsIcEEEC1ERNS_13basic_ostreamIcS2_EE)
                  118301a0    00000040     rts6740_elf.lib : string.cpp.obj (.text:_ZNSt3__222__compressed_pair_elemINS_12basic_stringIwNS_11char_traitsIwEENS_9allocatorIwEEE5__repELi0ELb0EEC1Ev)
                  118301e0    00000040                     : locale.cpp.obj (.text:_ZNSt3__25ctypeIcED0Ev)
                  11830220    00000040                     : locale.cpp.obj (.text:_ZNSt3__25ctypeIwED0Ev)
                  11830260    00000040                     : locale.cpp.obj (.text:_ZNSt3__26locale5__imp12make_classicEv)
                  118302a0    00000040                     : locale.cpp.obj (.text:_ZNSt3__26locale5__impD0Ev)
                  118302e0    00000040                     : locale.cpp.obj (.text:_ZNSt3__26locale5facetD0Ev)
                  11830320    00000040                     : locale.cpp.obj (.text:_ZNSt3__26localeC1Ev)
                  11830360    00000040                     : locale.cpp.obj (.text:_ZNSt3__26vectorIPNS_6locale5facetENS_15__sso_allocatorIS3_Lj28EEEE18__construct_at_endEj)
                  118303a0    00000040                     : locale.cpp.obj (.text:_ZNSt3__27codecvtIDiciED0Ev)
                  118303e0    00000040                     : locale.cpp.obj (.text:_ZNSt3__27codecvtIDsciED0Ev)
                  11830420    00000040                     : locale.cpp.obj (.text:_ZNSt3__27codecvtIcciED0Ev)
                  11830460    00000040                     : locale.cpp.obj (.text:_ZNSt3__27codecvtIwciED0Ev)
                  118304a0    00000040                     : locale.cpp.obj (.text:_ZNSt3__27collateIcED0Ev)
                  118304e0    00000040                     : locale.cpp.obj (.text:_ZNSt3__27collateIwED0Ev)
                  11830520    00000040                     : locale.cpp.obj (.text:_ZNSt3__27num_getIcNS_19istreambuf_iteratorIcNS_11char_traitsIcEEEEED0Ev)
                  11830560    00000040                     : locale.cpp.obj (.text:_ZNSt3__27num_getIwNS_19istreambuf_iteratorIwNS_11char_traitsIwEEEEED0Ev)
                  118305a0    00000040                     : locale.cpp.obj (.text:_ZNSt3__27num_putIcNS_19ostreambuf_iteratorIcNS_11char_traitsIcEEEEED0Ev)
                  118305e0    00000040                     : locale.cpp.obj (.text:_ZNSt3__27num_putIwNS_19ostreambuf_iteratorIwNS_11char_traitsIwEEEEED0Ev)
                  11830620    00000040     main.obj (.text:_ZNSt3__28ios_base5widthEi)
                  11830660    00000040     rts6740_elf.lib : ios.cpp.obj (.text:_ZNSt3__28ios_baseD0Ev)
                  118306a0    00000040                     : locale.cpp.obj (.text:_ZNSt3__28messagesIcED0Ev)
                  118306e0    00000040                     : locale.cpp.obj (.text:_ZNSt3__28messagesIwED0Ev)
                  11830720    00000040                     : locale.cpp.obj (.text:_ZNSt3__28numpunctIcED0Ev)
                  11830760    00000040                     : locale.cpp.obj (.text:_ZNSt3__28numpunctIwED0Ev)
                  118307a0    00000040                     : locale.cpp.obj (.text:_ZNSt3__28time_getIcNS_19istreambuf_iteratorIcNS_11char_traitsIcEEEEED0Ev)
                  118307e0    00000040                     : locale.cpp.obj (.text:_ZNSt3__28time_getIwNS_19istreambuf_iteratorIwNS_11char_traitsIwEEEEED0Ev)
                  11830820    00000040                     : locale.cpp.obj (.text:_ZNSt3__28time_putIcNS_19ostreambuf_iteratorIcNS_11char_traitsIcEEEEED0Ev)
                  11830860    00000040                     : locale.cpp.obj (.text:_ZNSt3__28time_putIcNS_19ostreambuf_iteratorIcNS_11char_traitsIcEEEEED1Ev)
                  118308a0    00000040                     : locale.cpp.obj (.text:_ZNSt3__28time_putIwNS_19ostreambuf_iteratorIwNS_11char_traitsIwEEEEED0Ev)
                  118308e0    00000040                     : locale.cpp.obj (.text:_ZNSt3__28time_putIwNS_19ostreambuf_iteratorIwNS_11char_traitsIwEEEEED1Ev)
                  11830920    00000040                     : ios.cpp.obj (.text:_ZNSt3__29basic_iosIcNS_11char_traitsIcEEED0Ev)
                  11830960    00000040                     : ios.cpp.obj (.text:_ZNSt3__29basic_iosIwNS_11char_traitsIwEEED0Ev)
                  118309a0    00000040                     : locale.cpp.obj (.text:_ZNSt3__29money_getIcNS_19istreambuf_iteratorIcNS_11char_traitsIcEEEEED0Ev)
                  118309e0    00000040                     : locale.cpp.obj (.text:_ZNSt3__29money_getIwNS_19istreambuf_iteratorIwNS_11char_traitsIwEEEEED0Ev)
                  11830a20    00000040                     : locale.cpp.obj (.text:_ZNSt3__29money_putIcNS_19ostreambuf_iteratorIcNS_11char_traitsIcEEEEED0Ev)
                  11830a60    00000040                     : locale.cpp.obj (.text:_ZNSt3__29money_putIwNS_19ostreambuf_iteratorIwNS_11char_traitsIwEEEEED0Ev)
                  11830aa0    00000040     main.obj (.text:_ZNSt3__2lsINS_11char_traitsIcEEEERNS_13basic_ostreamIcT_EES6_PKc)
                  11830ae0    00000040     rts6740_elf.lib : frcmpyd_div.c.obj (.text:__TI_frcmpyd_div)
                  11830b20    00000040                     : isinf.c.obj (.text:__c6xabi_isinf)
                  11830b60    00000040                     : _printfi.c.obj (.text:__c6xabi_isnan)
                  11830ba0    00000040                     : args_main.c.obj (.text:_args_main)
                  11830be0    00000040                     : snprintf.c.obj (.text:_outc)
                  11830c20    00000040                     : vsnprintf.c.obj (.text:_outc)
                  11830c60    00000040                     : asprintf.c.obj (.text:asprintf_l)
                  11830ca0    00000040                     : wctype.c.obj (.text:iswlower)
                  11830ce0    00000040                     : none_mb.c.obj (.text:mbrtowc_l)
                  11830d20    00000040                     : locale_stdio.c.obj (.text:snprintf_l)
                  11830d60    00000040                     : locale_stdio.c.obj (.text:sscanf_l)
                  11830da0    00000040                     : strlen.c.obj (.text:strlen)
                  11830de0    00000040                     : sscanf.c.obj (.text:vsscanf)
                  11830e20    00000040                     : wcslen.c.obj (.text:wcslen)
                  11830e60    00000020                     : locale.cpp.obj (.text:$P$F0)
                  11830e80    00000020                     : locale.cpp.obj (.text:$P$F1)
                  11830ea0    00000020                     : locale.cpp.obj (.text:$P$F2)
                  11830ec0    00000020                     : locale.cpp.obj (.text:$P$F3)
                  11830ee0    00000020                     : locale.cpp.obj (.text:$P$F4)
                  11830f00    00000020                     : locale.cpp.obj (.text:$P$F5)
                  11830f20    00000020     Delay.obj (.text)
                  11830f40    00000020     rts6740_elf.lib : typeinfo.c.obj (.text:_ZN10__cxxabiv117__class_type_infoD1Ev)
                  11830f60    00000020                     : typeinfo.c.obj (.text:_ZN10__cxxabiv120__si_class_type_infoD1Ev)
                  11830f80    00000020                     : typeinfo.c.obj (.text:_ZN10__cxxabiv121__vmi_class_type_infoD1Ev)
                  11830fa0    00000020                     : locale.cpp.obj (.text:_ZN32_INTERNAL_10_locale_cpp_a7183203St3__234_GLOBAL__N__10_locale_cpp_a718320321__throw_runtime_errorERKNS_12basic_stringIcNS_11char_traitsIcEENS_9allocatorIcEEEE)
                  11830fc0    00000020                     : locale.cpp.obj (.text:_ZNKSt3__210moneypunctIcLb0EE14do_frac_digitsEv)
                  11830fe0    00000020                     : locale.cpp.obj (.text:_ZNKSt3__210moneypunctIcLb0EE16do_decimal_pointEv)
                  11831000    00000020                     : locale.cpp.obj (.text:_ZNKSt3__210moneypunctIcLb0EE16do_thousands_sepEv)
                  11831020    00000020                     : locale.cpp.obj (.text:_ZNKSt3__210moneypunctIcLb1EE14do_frac_digitsEv)
                  11831040    00000020                     : locale.cpp.obj (.text:_ZNKSt3__210moneypunctIcLb1EE16do_decimal_pointEv)
                  11831060    00000020                     : locale.cpp.obj (.text:_ZNKSt3__210moneypunctIcLb1EE16do_thousands_sepEv)
                  11831080    00000020                     : locale.cpp.obj (.text:_ZNKSt3__210moneypunctIwLb0EE14do_frac_digitsEv)
                  118310a0    00000020                     : locale.cpp.obj (.text:_ZNKSt3__210moneypunctIwLb0EE16do_decimal_pointEv)
                  118310c0    00000020                     : locale.cpp.obj (.text:_ZNKSt3__210moneypunctIwLb0EE16do_thousands_sepEv)
                  118310e0    00000020                     : locale.cpp.obj (.text:_ZNKSt3__210moneypunctIwLb1EE14do_frac_digitsEv)
                  11831100    00000020                     : locale.cpp.obj (.text:_ZNKSt3__210moneypunctIwLb1EE16do_decimal_pointEv)
                  11831120    00000020                     : locale.cpp.obj (.text:_ZNKSt3__210moneypunctIwLb1EE16do_thousands_sepEv)
                  11831140    00000020                     : ios.cpp.obj (.text:_ZNKSt3__213basic_ostreamIcNS_11char_traitsIcEEE6sentrycvbEv)
                  11831160    00000020                     : vector.cpp.obj (.text:_ZNKSt3__220__vector_base_commonILb1EE20__throw_length_errorEv)
                  11831180    00000020                     : string.cpp.obj (.text:_ZNKSt3__221__basic_string_commonILb1EE20__throw_length_errorEv)
                  118311a0    00000020     main.obj (.text:_ZNKSt3__222__compressed_pair_elemINS_12basic_stringIcNS_11char_traitsIcEENS_9allocatorIcEEE5__repELi0ELb0EE5__getEv)
                  118311c0    00000020     rts6740_elf.lib : string.cpp.obj (.text:_ZNKSt3__222__compressed_pair_elemINS_12basic_stringIwNS_11char_traitsIwEENS_9allocatorIwEEE5__repELi0ELb0EE5__getEv)
                  118311e0    00000020                     : locale.cpp.obj (.text:_ZNKSt3__25ctypeIcE5widenEPKcS3_Pc)
                  11831200    00000020                     : locale.cpp.obj (.text:_ZNKSt3__25ctypeIcE6narrowEcc)
                  11831220    00000020                     : locale.cpp.obj (.text:_ZNKSt3__25ctypeIcE7toupperEc)
                  11831240    00000020                     : locale.cpp.obj (.text:_ZNKSt3__25ctypeIcE8do_widenEc)
                  11831260    00000020                     : locale.cpp.obj (.text:_ZNKSt3__25ctypeIcE9do_narrowEcc)
                  11831280    00000020                     : locale.cpp.obj (.text:_ZNKSt3__25ctypeIwE2isEhw)
                  118312a0    00000020                     : locale.cpp.obj (.text:_ZNKSt3__25ctypeIwE5widenEPKcS3_Pw)
                  118312c0    00000020                     : locale.cpp.obj (.text:_ZNKSt3__25ctypeIwE5widenEc)
                  118312e0    00000020                     : locale.cpp.obj (.text:_ZNKSt3__25ctypeIwE8do_widenEc)
                  11831300    00000020                     : locale.cpp.obj (.text:_ZNKSt3__25ctypeIwE9do_narrowEwc)
                  11831320    00000020                     : locale.cpp.obj (.text:_ZNKSt3__26locale5__imp9use_facetEl)
                  11831340    00000020                     : locale.cpp.obj (.text:_ZNKSt3__26vectorIPNS_6locale5facetENS_15__sso_allocatorIS3_Lj28EEEE8max_sizeEv)
                  11831360    00000020                     : locale.cpp.obj (.text:_ZNKSt3__27codecvtIDiciE10do_unshiftERiPcS3_RS3_)
                  11831380    00000020                     : locale.cpp.obj (.text:_ZNKSt3__27codecvtIDiciE11do_encodingEv)
                  118313a0    00000020                     : locale.cpp.obj (.text:_ZNKSt3__27codecvtIDiciE13do_max_lengthEv)
                  118313c0    00000020                     : locale.cpp.obj (.text:_ZNKSt3__27codecvtIDiciE16do_always_noconvEv)
                  118313e0    00000020                     : locale.cpp.obj (.text:_ZNKSt3__27codecvtIDsciE10do_unshiftERiPcS3_RS3_)
                  11831400    00000020                     : locale.cpp.obj (.text:_ZNKSt3__27codecvtIDsciE11do_encodingEv)
                  11831420    00000020                     : locale.cpp.obj (.text:_ZNKSt3__27codecvtIDsciE13do_max_lengthEv)
                  11831440    00000020                     : locale.cpp.obj (.text:_ZNKSt3__27codecvtIDsciE16do_always_noconvEv)
[...]
11835264  __TI_INITARRAY_Base                                                                                                                                                                      
11835268  __TI_INITARRAY_Limit                                                                                                                                                                     
11835268  _stack                                                                                                                                                                                   
11836268  __TI_STACK_END                                                                                                                                                                           
11836268  _sys_memory                                                                                                                                                                              
11837268  __TI_tmpnams                                                                                                                                                                             
11837978  _ZZNSt3__234_GLOBAL__N__10_locale_cpp_a71832034makeINS_6locale5__impEjEERT_T0_E3buf                                                                                                      
11837a98  _ZNSt3__23cinE                                                                                                                                                                           
11837af0  _ZNSt3__24wcinE                                                                                                                                                                          
11837b48  _ZNSt3__24cerrE                                                                                                                                                                          
11837b9c  _ZNSt3__24clogE                                                                                                                                                                          
11837bf0  _ZNSt3__24coutE                                                                                                                                                                          
11837c44  _ZNSt3__25wcerrE                                                                                                                                                                         
11837c98  _ZNSt3__25wclogE                                                                                                                                                                         
11837cec  _ZNSt3__25wcoutE                                                                                                                                                                         
11837e70  _ZZNSt3__234_GLOBAL__N__10_locale_cpp_a71832034makeINS_8numpunctIcEEjEERT_T0_E3buf                                                                                                       
11837e88  _ZZNSt3__234_GLOBAL__N__10_locale_cpp_a71832034makeINS_8numpunctIwEEjEERT_T0_E3buf                                                                                                       
11837ed0  _ZZNSt3__234_GLOBAL__N__10_locale_cpp_a71832034makeINS_5ctypeIcEEDnbjEERT_T0_T1_T2_E3buf                                                                                                 
11837ee0  _ZZNSt3__234_GLOBAL__N__10_locale_cpp_a71832034makeINS_7codecvtIwciEEjEERT_T0_E3buf                                                                                                      
11837ef0  _ZZNSt3__234_GLOBAL__N__10_locale_cpp_a71832034makeINS_8time_getIcNS_19istreambuf_iteratorIcNS_11char_traitsIcEEEEEEjEERT_T0_E3buf                                                       
11837f00  _ZZNSt3__234_GLOBAL__N__10_locale_cpp_a71832034makeINS_8time_getIwNS_19istreambuf_iteratorIwNS_11char_traitsIwEEEEEEjEERT_T0_E3buf                                                       
11837f10  _ZZNSt3__234_GLOBAL__N__10_locale_cpp_a71832034makeINS_8time_putIcNS_19ostreambuf_iteratorIcNS_11char_traitsIcEEEEEEjEERT_T0_E3buf                                                       
11837f20  _ZZNSt3__234_GLOBAL__N__10_locale_cpp_a71832034makeINS_8time_putIwNS_19ostreambuf_iteratorIwNS_11char_traitsIwEEEEEEjEERT_T0_E3buf                                                       
11837f90  parmbuf                                                                                                                                                                                  
11837f98  _ZZNSt3__234_GLOBAL__N__10_locale_cpp_a71832034makeINS_10moneypunctIcLb0EEEjEERT_T0_E3buf                                                                                                
11837fa0  _ZZNSt3__234_GLOBAL__N__10_locale_cpp_a71832034makeINS_10moneypunctIcLb1EEEjEERT_T0_E3buf                                                                                                
11837fa8  _ZZNSt3__234_GLOBAL__N__10_locale_cpp_a71832034makeINS_10moneypunctIwLb0EEEjEERT_T0_E3buf                                                                                                
11837fb0  _ZZNSt3__234_GLOBAL__N__10_locale_cpp_a71832034makeINS_10moneypunctIwLb1EEEjEERT_T0_E3buf                                                                                                
11837fb8  _ZZNSt3__234_GLOBAL__N__10_locale_cpp_a71832034makeINS_5ctypeIwEEjEERT_T0_E3buf                                                                                                          
11837fc0  _ZZNSt3__234_GLOBAL__N__10_locale_cpp_a71832034makeINS_7codecvtIDiciEEjEERT_T0_E3buf                                                                                                     
11837fc8  _ZZNSt3__234_GLOBAL__N__10_locale_cpp_a71832034makeINS_7codecvtIDsciEEjEERT_T0_E3buf                                                                                                     
11837fd0  _ZZNSt3__234_GLOBAL__N__10_locale_cpp_a71832034makeINS_7codecvtIcciEEjEERT_T0_E3buf                                                                                                      
11837fd8  _ZZNSt3__234_GLOBAL__N__10_locale_cpp_a71832034makeINS_7collateIcEEjEERT_T0_E3buf                                                                                                        
11837fe0  _ZZNSt3__234_GLOBAL__N__10_locale_cpp_a71832034makeINS_7collateIwEEjEERT_T0_E3buf                                                                                                        
11837fe8  _ZZNSt3__234_GLOBAL__N__10_locale_cpp_a71832034makeINS_7num_getIcNS_19istreambuf_iteratorIcNS_11char_traitsIcEEEEEEjEERT_T0_E3buf                                                        
11837ff0  _ZZNSt3__234_GLOBAL__N__10_locale_cpp_a71832034makeINS_7num_getIwNS_19istreambuf_iteratorIwNS_11char_traitsIwEEEEEEjEERT_T0_E3buf                                                        
11837ff8  _ZZNSt3__234_GLOBAL__N__10_locale_cpp_a71832034makeINS_7num_putIcNS_19ostreambuf_iteratorIcNS_11char_traitsIcEEEEEEjEERT_T0_E3buf                                                        
11838000  _ZZNSt3__234_GLOBAL__N__10_locale_cpp_a71832034makeINS_7num_putIwNS_19ostreambuf_iteratorIwNS_11char_traitsIwEEEEEEjEERT_T0_E3buf                                                        
11838008  _ZZNSt3__234_GLOBAL__N__10_locale_cpp_a71832034makeINS_8messagesIcEEjEERT_T0_E3buf                                                                                                       
11838010  _ZZNSt3__234_GLOBAL__N__10_locale_cpp_a71832034makeINS_8messagesIwEEjEERT_T0_E3buf                                                                                                       
11838018  _ZZNSt3__234_GLOBAL__N__10_locale_cpp_a71832034makeINS_9money_getIcNS_19istreambuf_iteratorIcNS_11char_traitsIcEEEEEEjEERT_T0_E3buf                                                      
11838020  _ZZNSt3__234_GLOBAL__N__10_locale_cpp_a71832034makeINS_9money_getIwNS_19istreambuf_iteratorIwNS_11char_traitsIwEEEEEEjEERT_T0_E3buf                                                      
11838028  _ZZNSt3__234_GLOBAL__N__10_locale_cpp_a71832034makeINS_9money_putIcNS_19ostreambuf_iteratorIcNS_11char_traitsIcEEEEEEjEERT_T0_E3buf                                                      
11838030  _ZZNSt3__234_GLOBAL__N__10_locale_cpp_a71832034makeINS_9money_putIwNS_19ostreambuf_iteratorIwNS_11char_traitsIwEEEEEEjEERT_T0_E3buf                                                      
11838048  _ZNSt3__219__start_std_streamsE                                                                                                                                                          
1183804c  __TI_STATIC_BASE                                                                                                                                                                         
1183804c  __dso_handle                                                                                                                                                                             
11838050  _ftable                                                                                                                                                                                  
11838230  _stream                                                                                                                                                                                  
118382d0  _device                                                                                                                                                                                  
11838348  _tz                                                                                                                                                                                      
11838358  __TI_cleanup_ptr                                                                                                                                                                         
1183835c  __TI_dtors_ptr                                                                                                                                                                           
11838360  __TI_enable_exit_profile_output                                                                                                                                                          
11838364  _ZNSt3__210moneypunctIcLb0EE2idE                                                                                                                                                         
1183836c  _ZNSt3__210moneypunctIcLb1EE2idE                                                                                                                                                         
11838374  _ZNSt3__210moneypunctIwLb0EE2idE                                                                                                                                                         
1183837c  _ZNSt3__210moneypunctIwLb1EE2idE                                                                                                                                                         
11838384  _ZNSt3__25ctypeIcE2idE                                                                                                                                                                   
1183838c  _ZNSt3__25ctypeIwE2idE                                                                                                                                                                   
11838394  _ZNSt3__27codecvtIDiciE2idE                                                                                                                                                              
1183839c  _ZNSt3__27codecvtIDsciE2idE                                                                                                                                                              
118383a4  _ZNSt3__27codecvtIcciE2idE                                                                                                                                                               
118383ac  _ZNSt3__27codecvtIwciE2idE                                                                                                                                                               
118383b4  _ZNSt3__27collateIcE2idE                                                                                                                                                                 
118383bc  _ZNSt3__27collateIwE2idE                                                                                                                                                                 
118383c4  _ZNSt3__27num_getIcNS_19istreambuf_iteratorIcNS_11char_traitsIcEEEEE2idE                                                                                                                 
118383cc  _ZNSt3__27num_getIwNS_19istreambuf_iteratorIwNS_11char_traitsIwEEEEE2idE                                                                                                                 
118383d4  _ZNSt3__27num_putIcNS_19ostreambuf_iteratorIcNS_11char_traitsIcEEEEE2idE                                                                                                                 
118383dc  _ZNSt3__27num_putIwNS_19ostreambuf_iteratorIwNS_11char_traitsIwEEEEE2idE                                                                                                                 
118383e4  _ZNSt3__28messagesIcE2idE                                                                                                                                                                
118383ec  _ZNSt3__28messagesIwE2idE                                                                                                                                                                
118383f4  _ZNSt3__28numpunctIcE2idE                                                                                                                                                                
118383fc  _ZNSt3__28numpunctIwE2idE                                                                                                                                                                
11838404  _ZNSt3__28time_getIcNS_19istreambuf_iteratorIcNS_11char_traitsIcEEEEE2idE                                                                                                                
1183840c  _ZNSt3__28time_getIwNS_19istreambuf_iteratorIwNS_11char_traitsIwEEEEE2idE                                                                                                                
11838414  _ZNSt3__28time_putIcNS_19ostreambuf_iteratorIcNS_11char_traitsIcEEEEE2idE                                                                                                                
1183841c  _ZNSt3__28time_putIwNS_19ostreambuf_iteratorIwNS_11char_traitsIwEEEEE2idE                                                                                                                
11838424  _ZNSt3__29money_getIcNS_19istreambuf_iteratorIcNS_11char_traitsIcEEEEE2idE                                                                                                               
1183842c  _ZNSt3__29money_getIwNS_19istreambuf_iteratorIwNS_11char_traitsIwEEEEE2idE                                                                                                               
11838434  _ZNSt3__29money_putIcNS_19ostreambuf_iteratorIcNS_11char_traitsIcEEEEE2idE                                                                                                               
1183843c  _ZNSt3__29money_putIwNS_19ostreambuf_iteratorIwNS_11char_traitsIwEEEEE2idE                                                                                                               
1183844c  _lock                                                                                                                                                                                    
11838450  _unlock                                                                                                                                                                                  
11838454  __TI_ft_end                                                                                                                                                                              
1183845c  __errno                                                                                                                                                                                  
1183845c  errno                                                                                                                                                                                    
11838460  _ZNSt3__26locale2id9__next_idE                                                                                                                                                           
11838848  __CIOBUF_                                                                                                                                                                                
11838a00  __TI_Handler_Table_Base                                                                                                                                                                  
11838a08  __TI_CINIT_Base                                                                                                                                                                          
11838a08  __TI_Handler_Table_Limit                                                                                                                                                                 
11838a20  __TI_CINIT_Limit                                                                                                                                                                         
ffffffff  __TI_pprof_out_hndl                                                                                                                                                                      
ffffffff  __TI_prof_data_size                                                                                                                                                                      
ffffffff  __TI_prof_data_start                                                                                                                                                                     
ffffffff  __binit__                                                                                                                                                                                
ffffffff  __c_args__                                                                                                                                                                               
ffffffff  binit                                                                                                                                                                                    
UNDEFED   __TI_TLS_INIT_Base                                                                                                                                                                       
UNDEFED   __TI_TLS_INIT_Limit                                                                                                                                                                      

[1075 symbols]
