******************************************************************************
               TMS320C6x Linker PC v8.3.12                     
******************************************************************************
>> Linked Wed Apr 20 10:39:26 2022

OUTPUT FILE NAME:   <AD9833.out>
ENTRY POINT SYMBOL: "_c_int00"  address: c0011560


MEMORY CONFIGURATION

         name            origin    length      used     unused   attr    fill
----------------------  --------  ---------  --------  --------  ----  --------
  DSPL2RAM              00800000   00040000  00000000  00040000  RWIX
  SHRAM                 80000000   00020000  00000000  00020000  RWIX
  DDR2                  c0000000   08000000  0001179c  07fee864  RWIX


SEGMENT ALLOCATION MAP

run origin  load origin   length   init length attrs members
----------  ----------- ---------- ----------- ----- -------
c0000000    c0000000    00010000   00000000    rw-
  c0000000    c0000000    00010000   00000000    rw- .stack
c0010000    c0010000    00001770   00001770    r-x
  c0010000    c0010000    00001760   00001760    r-x .text
  c0011760    c0011760    00000010   00000010    r-- .switch
c0011770    c0011770    0000000c   00000000    rw-
  c0011770    c0011770    0000000c   00000000    rw- .fardata
c0011780    c0011780    00000020   00000020    r--
  c0011780    c0011780    00000020   00000020    r-- .cinit


SECTION ALLOCATION MAP

 output                                  attributes/
section   page    origin      length       input sections
--------  ----  ----------  ----------   ----------------
.stack     0    c0000000    00010000     UNINITIALIZED
                  c0000000    00000008     rts6740_elf.lib : boot.c.obj (.stack)
                  c0000008    0000fff8     --HOLE--

.text      0    c0010000    00001760     
                  c0010000    00000600     rts6740_elf.lib : divd.c.obj (.text:__c6xabi_divd)
                  c0010600    00000580     drivers.lib : gpio.obj (.text)
                  c0010b80    00000320     main.obj (.text)
                  c0010ea0    00000140     drivers.lib : psc.obj (.text)
                  c0010fe0    00000100     rts6740_elf.lib : copy_decompress_rle.c.obj (.text:__TI_decompress_rle_core)
                  c00110e0    000000e0                     : exit.c.obj (.text:exit)
                  c00111c0    000000e0                     : memset.c.obj (.text:memset)
                  c00112a0    000000c0                     : autoinit.c.obj (.text:__TI_auto_init_nobinit_nopinit:__TI_auto_init_nobinit_nopinit)
                  c0011360    000000c0                     : tls.c.obj (.text:tls:init:__TI_tls_init)
                  c0011420    000000a0                     : fixfu.c.obj (.text:__c6xabi_fixfu)
                  c00114c0    000000a0                     : memcpy64.asm.obj (.text:memcpy)
                  c0011560    00000080                     : boot.c.obj (.text:_c_int00)
                  c00115e0    00000060                     : llshift.c.obj (.text:__c6xabi_llshru)
                  c0011640    00000040                     : frcmpyd_div.c.obj (.text:__TI_frcmpyd_div)
                  c0011680    00000040                     : args_main.c.obj (.text:_args_main)
                  c00116c0    00000020                     : startup.c.obj (.text:_system_post_cinit)
                  c00116e0    00000020                     : pre_init.c.obj (.text:_system_pre_init)
                  c0011700    00000020                     : exit.c.obj (.text:abort)
                  c0011720    00000020                     : copy_decompress_none.c.obj (.text:decompress:none:__TI_decompress_none)
                  c0011740    00000020                     : copy_decompress_rle.c.obj (.text:decompress:rle24:__TI_decompress_rle24)

.switch    0    c0011760    00000010     
                  c0011760    00000010     drivers.lib : gpio.obj (.switch:GPIOIntTypeSet)

.cinit     0    c0011780    00000020     
                  c0011780    0000000d     (.cinit..fardata.load) [load image, compression = rle]
                  c001178d    00000003     --HOLE-- [fill = 0]
                  c0011790    00000008     (__TI_handler_table)
                  c0011798    00000008     (__TI_cinit_table)

.init_array 
*          0    c0000000    00000000     UNINITIALIZED

.fardata   0    c0011770    0000000c     UNINITIALIZED
                  c0011770    0000000c     rts6740_elf.lib : exit.c.obj (.fardata)

MODULE SUMMARY

       Module                       code   ro data   rw data
       ------                       ----   -------   -------
    .\
       main.obj                     800    0         0      
    +--+----------------------------+------+---------+---------+
       Total:                       800    0         0      
                                                            
    ../../Library/StarterWare/Drivers/Debug/drivers.lib
       gpio.obj                     1408   16        0      
       psc.obj                      320    0         0      
    +--+----------------------------+------+---------+---------+
       Total:                       1728   16        0      
                                                            
    C:\ti\ti-cgt-c6000_8.3.12\lib\rts6740_elf.lib
       divd.c.obj                   1536   0         0      
       copy_decompress_rle.c.obj    288    0         0      
       exit.c.obj                   256    0         12     
       memset.c.obj                 224    0         0      
       autoinit.c.obj               192    0         0      
       tls.c.obj                    192    0         0      
       fixfu.c.obj                  160    0         0      
       memcpy64.asm.obj             160    0         0      
       boot.c.obj                   128    0         0      
       llshift.c.obj                96     0         0      
       args_main.c.obj              64     0         0      
       frcmpyd_div.c.obj            64     0         0      
       copy_decompress_none.c.obj   32     0         0      
       pre_init.c.obj               32     0         0      
       startup.c.obj                32     0         0      
    +--+----------------------------+------+---------+---------+
       Total:                       3456   0         12     
                                                            
       Stack:                       0      0         65536  
       Linker Generated:            0      29        0      
    +--+----------------------------+------+---------+---------+
       Grand Total:                 5984   45        65548  


LINKER GENERATED COPY TABLES

__TI_cinit_table @ c0011798 records: 1, size/record: 8, table size: 8
	.fardata: load addr=c0011780, load size=0000000d bytes, run addr=c0011770, run size=0000000c bytes, compression=rle


LINKER GENERATED HANDLER TABLE

__TI_handler_table @ c0011790 records: 2, size/record: 4, table size: 8
	index: 0, handler: __TI_decompress_rle24
	index: 1, handler: __TI_decompress_none


GLOBAL SYMBOLS: SORTED ALPHABETICALLY BY Name 

address   name                           
-------   ----                           
c0010d2c  AD9833Output                   
c0011700  C$$EXIT                        
c0010b80  Delay                          
c0010aa4  GPIOBankIntDisable             
c0010a74  GPIOBankIntEnable              
c0010ad0  GPIOBankPinsWrite              
c0010698  GPIODirModeGet                 
c0010600  GPIODirModeSet                 
c0010944  GPIOIntTypeGet                 
c00107d8  GPIOIntTypeSet                 
c0010a2c  GPIOPinIntClear                
c00109cc  GPIOPinIntStatus               
c0010778  GPIOPinRead                    
c00106f8  GPIOPinWrite                   
c0010ea0  PSCModuleControl               
c0010c28  SoftSPIWrite                   
c0011798  __TI_CINIT_Base                
c00117a0  __TI_CINIT_Limit               
c0011790  __TI_Handler_Table_Base        
c0011798  __TI_Handler_Table_Limit       
c0010000  __TI_STACK_END                 
00010000  __TI_STACK_SIZE                
00000000  __TI_STATIC_BASE               
UNDEFED   __TI_TLS_INIT_Base             
UNDEFED   __TI_TLS_INIT_Limit            
c00112a0  __TI_auto_init_nobinit_nopinit 
c0011770  __TI_cleanup_ptr               
c0011720  __TI_decompress_none           
c0011740  __TI_decompress_rle24          
c0011774  __TI_dtors_ptr                 
c0011778  __TI_enable_exit_profile_output
c0011640  __TI_frcmpyd_div               
ffffffff  __TI_pprof_out_hndl            
ffffffff  __TI_prof_data_size            
ffffffff  __TI_prof_data_start           
c0011360  __TI_tls_init                  
ffffffff  __binit__                      
c0010000  __c6xabi_divd                  
c0011420  __c6xabi_fixfu                 
c00115e0  __c6xabi_llshru                
ffffffff  __c_args__                     
c0011680  _args_main                     
c0011560  _c_int00                       
c0000000  _stack                         
c00116c0  _system_post_cinit             
c00116e0  _system_pre_init               
c0011700  abort                          
ffffffff  binit                          
c00110e0  exit                           
c0010e70  main                           
c00114c0  memcpy                         
c00111c0  memset                         


GLOBAL SYMBOLS: SORTED BY Symbol Address 

address   name                           
-------   ----                           
00000000  __TI_STATIC_BASE               
00010000  __TI_STACK_SIZE                
c0000000  _stack                         
c0010000  __TI_STACK_END                 
c0010000  __c6xabi_divd                  
c0010600  GPIODirModeSet                 
c0010698  GPIODirModeGet                 
c00106f8  GPIOPinWrite                   
c0010778  GPIOPinRead                    
c00107d8  GPIOIntTypeSet                 
c0010944  GPIOIntTypeGet                 
c00109cc  GPIOPinIntStatus               
c0010a2c  GPIOPinIntClear                
c0010a74  GPIOBankIntEnable              
c0010aa4  GPIOBankIntDisable             
c0010ad0  GPIOBankPinsWrite              
c0010b80  Delay                          
c0010c28  SoftSPIWrite                   
c0010d2c  AD9833Output                   
c0010e70  main                           
c0010ea0  PSCModuleControl               
c00110e0  exit                           
c00111c0  memset                         
c00112a0  __TI_auto_init_nobinit_nopinit 
c0011360  __TI_tls_init                  
c0011420  __c6xabi_fixfu                 
c00114c0  memcpy                         
c0011560  _c_int00                       
c00115e0  __c6xabi_llshru                
c0011640  __TI_frcmpyd_div               
c0011680  _args_main                     
c00116c0  _system_post_cinit             
c00116e0  _system_pre_init               
c0011700  C$$EXIT                        
c0011700  abort                          
c0011720  __TI_decompress_none           
c0011740  __TI_decompress_rle24          
c0011770  __TI_cleanup_ptr               
c0011774  __TI_dtors_ptr                 
c0011778  __TI_enable_exit_profile_output
c0011790  __TI_Handler_Table_Base        
c0011798  __TI_CINIT_Base                
c0011798  __TI_Handler_Table_Limit       
c00117a0  __TI_CINIT_Limit               
ffffffff  __TI_pprof_out_hndl            
ffffffff  __TI_prof_data_size            
ffffffff  __TI_prof_data_start           
ffffffff  __binit__                      
ffffffff  __c_args__                     
ffffffff  binit                          
UNDEFED   __TI_TLS_INIT_Base             
UNDEFED   __TI_TLS_INIT_Limit            

[52 symbols]
