******************************************************************************
               TMS320C6x Linker PC v8.3.12                     
******************************************************************************
>> Linked Tue Apr 26 19:40:49 2022

OUTPUT FILE NAME:   <LED_REG.out>
ENTRY POINT SYMBOL: "_c_int00"  address: 118015a0


MEMORY CONFIGURATION

         name            origin    length      used     unused   attr    fill
----------------------  --------  ---------  --------  --------  ----  --------
  DSPL2RAM              11800000   00040000  0000172c  0003e8d4  RWIX
  SHRAM                 80000000   00020000  00000000  00020000  RWIX
  DDR2                  c0000000   08000000  00000000  08000000  RWIX


SEGMENT ALLOCATION MAP

run origin  load origin   length   init length attrs members
----------  ----------- ---------- ----------- ----- -------
11800000    11800000    00001000   00000000    rw-
  11800000    11800000    00001000   00000000    rw- .stack
11801000    11801000    00000700   00000700    r-x
  11801000    11801000    00000700   00000700    r-x .text
11801700    11801700    0000000c   00000000    rw-
  11801700    11801700    0000000c   00000000    rw- .fardata
11801710    11801710    00000020   00000020    r--
  11801710    11801710    00000020   00000020    r-- .cinit


SECTION ALLOCATION MAP

 output                                  attributes/
section   page    origin      length       input sections
--------  ----  ----------  ----------   ----------------
.stack     0    11800000    00001000     UNINITIALIZED
                  11800000    00000008     rts6740_elf.lib : boot.c.obj (.stack)
                  11800008    00000ff8     --HOLE--

.text      0    11801000    00000700     
                  11801000    00000100     rts6740_elf.lib : copy_decompress_rle.c.obj (.text:__TI_decompress_rle_core)
                  11801100    000000e0                     : exit.c.obj (.text:exit)
                  118011e0    000000e0                     : memset.c.obj (.text:memset)
                  118012c0    000000c0                     : autoinit.c.obj (.text:__TI_auto_init_nobinit_nopinit:__TI_auto_init_nobinit_nopinit)
                  11801380    000000c0     main.obj (.text)
                  11801440    000000c0     rts6740_elf.lib : tls.c.obj (.text:tls:init:__TI_tls_init)
                  11801500    000000a0                     : memcpy64.asm.obj (.text:memcpy)
                  118015a0    00000080                     : boot.c.obj (.text:_c_int00)
                  11801620    00000040                     : args_main.c.obj (.text:_args_main)
                  11801660    00000020                     : startup.c.obj (.text:_system_post_cinit)
                  11801680    00000020                     : pre_init.c.obj (.text:_system_pre_init)
                  118016a0    00000020                     : exit.c.obj (.text:abort)
                  118016c0    00000020                     : copy_decompress_none.c.obj (.text:decompress:none:__TI_decompress_none)
                  118016e0    00000020                     : copy_decompress_rle.c.obj (.text:decompress:rle24:__TI_decompress_rle24)

.cinit     0    11801710    00000020     
                  11801710    0000000d     (.cinit..fardata.load) [load image, compression = rle]
                  1180171d    00000003     --HOLE-- [fill = 0]
                  11801720    00000008     (__TI_handler_table)
                  11801728    00000008     (__TI_cinit_table)

.init_array 
*          0    11800000    00000000     UNINITIALIZED

.fardata   0    11801700    0000000c     UNINITIALIZED
                  11801700    0000000c     rts6740_elf.lib : exit.c.obj (.fardata)

MODULE SUMMARY

       Module                       code   ro data   rw data
       ------                       ----   -------   -------
    .\
       main.obj                     192    0         0      
    +--+----------------------------+------+---------+---------+
       Total:                       192    0         0      
                                                            
    C:\ti\ti-cgt-c6000_8.3.12\lib\rts6740_elf.lib
       copy_decompress_rle.c.obj    288    0         0      
       exit.c.obj                   256    0         12     
       memset.c.obj                 224    0         0      
       autoinit.c.obj               192    0         0      
       tls.c.obj                    192    0         0      
       memcpy64.asm.obj             160    0         0      
       boot.c.obj                   128    0         0      
       args_main.c.obj              64     0         0      
       copy_decompress_none.c.obj   32     0         0      
       pre_init.c.obj               32     0         0      
       startup.c.obj                32     0         0      
    +--+----------------------------+------+---------+---------+
       Total:                       1600   0         12     
                                                            
       Stack:                       0      0         4096   
       Linker Generated:            0      29        0      
    +--+----------------------------+------+---------+---------+
       Grand Total:                 1792   29        4108   


LINKER GENERATED COPY TABLES

__TI_cinit_table @ 11801728 records: 1, size/record: 8, table size: 8
	.fardata: load addr=11801710, load size=0000000d bytes, run addr=11801700, run size=0000000c bytes, compression=rle


LINKER GENERATED HANDLER TABLE

__TI_handler_table @ 11801720 records: 2, size/record: 4, table size: 8
	index: 0, handler: __TI_decompress_rle24
	index: 1, handler: __TI_decompress_none


GLOBAL SYMBOLS: SORTED ALPHABETICALLY BY Name 

address   name                           
-------   ----                           
118016a0  C$$EXIT                        
11801728  __TI_CINIT_Base                
11801730  __TI_CINIT_Limit               
11801720  __TI_Handler_Table_Base        
11801728  __TI_Handler_Table_Limit       
11801000  __TI_STACK_END                 
00001000  __TI_STACK_SIZE                
00000000  __TI_STATIC_BASE               
UNDEFED   __TI_TLS_INIT_Base             
UNDEFED   __TI_TLS_INIT_Limit            
118012c0  __TI_auto_init_nobinit_nopinit 
11801700  __TI_cleanup_ptr               
118016c0  __TI_decompress_none           
118016e0  __TI_decompress_rle24          
11801704  __TI_dtors_ptr                 
11801708  __TI_enable_exit_profile_output
ffffffff  __TI_pprof_out_hndl            
ffffffff  __TI_prof_data_size            
ffffffff  __TI_prof_data_start           
11801440  __TI_tls_init                  
ffffffff  __binit__                      
ffffffff  __c_args__                     
11801620  _args_main                     
118015a0  _c_int00                       
11800000  _stack                         
11801660  _system_post_cinit             
11801680  _system_pre_init               
118016a0  abort                          
ffffffff  binit                          
11801100  exit                           
118013ac  main                           
11801500  memcpy                         
118011e0  memset                         


GLOBAL SYMBOLS: SORTED BY Symbol Address 

address   name                           
-------   ----                           
00000000  __TI_STATIC_BASE               
00001000  __TI_STACK_SIZE                
11800000  _stack                         
11801000  __TI_STACK_END                 
11801100  exit                           
118011e0  memset                         
118012c0  __TI_auto_init_nobinit_nopinit 
118013ac  main                           
11801440  __TI_tls_init                  
11801500  memcpy                         
118015a0  _c_int00                       
11801620  _args_main                     
11801660  _system_post_cinit             
11801680  _system_pre_init               
118016a0  C$$EXIT                        
118016a0  abort                          
118016c0  __TI_decompress_none           
118016e0  __TI_decompress_rle24          
11801700  __TI_cleanup_ptr               
11801704  __TI_dtors_ptr                 
11801708  __TI_enable_exit_profile_output
11801720  __TI_Handler_Table_Base        
11801728  __TI_CINIT_Base                
11801728  __TI_Handler_Table_Limit       
11801730  __TI_CINIT_Limit               
ffffffff  __TI_pprof_out_hndl            
ffffffff  __TI_prof_data_size            
ffffffff  __TI_prof_data_start           
ffffffff  __binit__                      
ffffffff  __c_args__                     
ffffffff  binit                          
UNDEFED   __TI_TLS_INIT_Base             
UNDEFED   __TI_TLS_INIT_Limit            

[33 symbols]
